Archive member included to satisfy reference by file (symbol)

../lib/Rotary_encoder/librotary_encoder.a(pio_rotary_encoder.cpp.obj)
                              CMakeFiles/InvertedPendulum.dir/InvertedPendulum.cpp.obj (RotaryEncoder::RotaryEncoder(unsigned int))
../lib/Stepper/libstepperDriver.a(stepper.c.obj)
                              CMakeFiles/InvertedPendulum.dir/InvertedPendulum.cpp.obj (set_stepper)
/usr/lib/gcc/arm-none-eabi/10.3.1/thumb/v6-m/nofp/libgcc.a(_dvmd_tls.o)
                              CMakeFiles/InvertedPendulum.dir/home/grigoreg/pico/pico-sdk/src/rp2_common/pico_divider/divider.S.obj (__aeabi_idiv0)
/usr/lib/gcc/arm-none-eabi/10.3.1/../../../arm-none-eabi/lib/thumb/v6-m/nofp/libc.a(lib_a-atexit.o)
                              /usr/lib/gcc/arm-none-eabi/10.3.1/../../../arm-none-eabi/lib/thumb/v6-m/nofp/crt0.o (atexit)
/usr/lib/gcc/arm-none-eabi/10.3.1/../../../arm-none-eabi/lib/thumb/v6-m/nofp/libc.a(lib_a-calloc.o)
                              CMakeFiles/InvertedPendulum.dir/home/grigoreg/pico/pico-sdk/src/rp2_common/pico_malloc/pico_malloc.c.obj (calloc)
/usr/lib/gcc/arm-none-eabi/10.3.1/../../../arm-none-eabi/lib/thumb/v6-m/nofp/libc.a(lib_a-callocr.o)
                              /usr/lib/gcc/arm-none-eabi/10.3.1/../../../arm-none-eabi/lib/thumb/v6-m/nofp/libc.a(lib_a-calloc.o) (_calloc_r)
/usr/lib/gcc/arm-none-eabi/10.3.1/../../../arm-none-eabi/lib/thumb/v6-m/nofp/libc.a(lib_a-fini.o)
                              /usr/lib/gcc/arm-none-eabi/10.3.1/../../../arm-none-eabi/lib/thumb/v6-m/nofp/crt0.o (__libc_fini_array)
/usr/lib/gcc/arm-none-eabi/10.3.1/../../../arm-none-eabi/lib/thumb/v6-m/nofp/libc.a(lib_a-impure.o)
                              /usr/lib/gcc/arm-none-eabi/10.3.1/../../../arm-none-eabi/lib/thumb/v6-m/nofp/libc.a(lib_a-calloc.o) (_impure_ptr)
/usr/lib/gcc/arm-none-eabi/10.3.1/../../../arm-none-eabi/lib/thumb/v6-m/nofp/libc.a(lib_a-init.o)
                              /usr/lib/gcc/arm-none-eabi/10.3.1/../../../arm-none-eabi/lib/thumb/v6-m/nofp/crt0.o (__libc_init_array)
/usr/lib/gcc/arm-none-eabi/10.3.1/../../../arm-none-eabi/lib/thumb/v6-m/nofp/libc.a(lib_a-malloc.o)
                              CMakeFiles/InvertedPendulum.dir/home/grigoreg/pico/pico-sdk/src/rp2_common/pico_malloc/pico_malloc.c.obj (malloc)
/usr/lib/gcc/arm-none-eabi/10.3.1/../../../arm-none-eabi/lib/thumb/v6-m/nofp/libc.a(lib_a-mallocr.o)
                              /usr/lib/gcc/arm-none-eabi/10.3.1/../../../arm-none-eabi/lib/thumb/v6-m/nofp/libc.a(lib_a-callocr.o) (_malloc_r)
/usr/lib/gcc/arm-none-eabi/10.3.1/../../../arm-none-eabi/lib/thumb/v6-m/nofp/libc.a(lib_a-mlock.o)
                              /usr/lib/gcc/arm-none-eabi/10.3.1/../../../arm-none-eabi/lib/thumb/v6-m/nofp/libc.a(lib_a-mallocr.o) (__malloc_lock)
/usr/lib/gcc/arm-none-eabi/10.3.1/../../../arm-none-eabi/lib/thumb/v6-m/nofp/libc.a(lib_a-realloc.o)
                              CMakeFiles/InvertedPendulum.dir/home/grigoreg/pico/pico-sdk/src/rp2_common/pico_malloc/pico_malloc.c.obj (realloc)
/usr/lib/gcc/arm-none-eabi/10.3.1/../../../arm-none-eabi/lib/thumb/v6-m/nofp/libc.a(lib_a-reallocr.o)
                              /usr/lib/gcc/arm-none-eabi/10.3.1/../../../arm-none-eabi/lib/thumb/v6-m/nofp/libc.a(lib_a-realloc.o) (_realloc_r)
/usr/lib/gcc/arm-none-eabi/10.3.1/../../../arm-none-eabi/lib/thumb/v6-m/nofp/libc.a(lib_a-sbrkr.o)
                              /usr/lib/gcc/arm-none-eabi/10.3.1/../../../arm-none-eabi/lib/thumb/v6-m/nofp/libc.a(lib_a-mallocr.o) (_sbrk_r)
/usr/lib/gcc/arm-none-eabi/10.3.1/../../../arm-none-eabi/lib/thumb/v6-m/nofp/libc.a(lib_a-scanf.o)
                              CMakeFiles/InvertedPendulum.dir/InvertedPendulum.cpp.obj (scanf)
/usr/lib/gcc/arm-none-eabi/10.3.1/../../../arm-none-eabi/lib/thumb/v6-m/nofp/libc.a(lib_a-strlen-stub.o)
                              CMakeFiles/InvertedPendulum.dir/home/grigoreg/pico/pico-sdk/src/rp2_common/pico_stdio/stdio.c.obj (strlen)
/usr/lib/gcc/arm-none-eabi/10.3.1/../../../arm-none-eabi/lib/thumb/v6-m/nofp/libc.a(lib_a-vfscanf.o)
                              /usr/lib/gcc/arm-none-eabi/10.3.1/../../../arm-none-eabi/lib/thumb/v6-m/nofp/libc.a(lib_a-scanf.o) (_vfscanf_r)
/usr/lib/gcc/arm-none-eabi/10.3.1/../../../arm-none-eabi/lib/thumb/v6-m/nofp/libc.a(lib_a-__atexit.o)
                              /usr/lib/gcc/arm-none-eabi/10.3.1/../../../arm-none-eabi/lib/thumb/v6-m/nofp/libc.a(lib_a-atexit.o) (__register_exitproc)
/usr/lib/gcc/arm-none-eabi/10.3.1/../../../arm-none-eabi/lib/thumb/v6-m/nofp/libc.a(lib_a-ctype_.o)
                              /usr/lib/gcc/arm-none-eabi/10.3.1/../../../arm-none-eabi/lib/thumb/v6-m/nofp/libc.a(lib_a-vfscanf.o) (_ctype_)
/usr/lib/gcc/arm-none-eabi/10.3.1/../../../arm-none-eabi/lib/thumb/v6-m/nofp/libc.a(lib_a-findfp.o)
                              /usr/lib/gcc/arm-none-eabi/10.3.1/../../../arm-none-eabi/lib/thumb/v6-m/nofp/libc.a(lib_a-vfscanf.o) (__sinit)
[...]
Memory Configuration

Name             Origin             Length             Attributes
FLASH            0x0000000010000000 0x0000000000200000 xr
RAM              0x0000000020000000 0x0000000000040000 xrw
SCRATCH_X        0x0000000020040000 0x0000000000001000 xrw
SCRATCH_Y        0x0000000020041000 0x0000000000001000 xrw
*default*        0x0000000000000000 0xffffffffffffffff

Linker script and memory map

LOAD /usr/lib/gcc/arm-none-eabi/10.3.1/thumb/v6-m/nofp/crti.o
LOAD /usr/lib/gcc/arm-none-eabi/10.3.1/thumb/v6-m/nofp/crtbegin.o
LOAD /usr/lib/gcc/arm-none-eabi/10.3.1/../../../arm-none-eabi/lib/thumb/v6-m/nofp/crt0.o

.flash_begin    0x0000000010000000        0x0
                0x0000000010000000                __flash_binary_start = .

.boot2          0x0000000010000000      0x100
                0x0000000010000000                __boot2_start__ = .
 *(.boot2)
 .boot2         0x0000000010000000      0x100 /tmp/ccoG6GMN.o
                0x0000000010000100                __boot2_end__ = .
                0x0000000000000001                ASSERT (((__boot2_end__ - __boot2_start__) == 0x100), ERROR: Pico second stage bootloader must be 256 bytes in size)

.text           0x0000000010000100     0xc810
                0x0000000010000100                __logical_binary_start = .
 *(.vectors)
 .vectors       0x0000000010000100       0xd4 CMakeFiles/InvertedPendulum.dir/home/grigoreg/pico/pico-sdk/src/rp2_common/pico_standard_link/crt0.S.obj
                0x0000000010000100                __vectors
                0x0000000010000100                __VECTOR_TABLE
                0x00000000100001c0                isr_invalid
                0x00000000100001c0                __default_isrs_start
                0x00000000100001c2                isr_nmi
                0x00000000100001c4                isr_hardfault
                0x00000000100001c6                isr_svcall
                0x00000000100001c8                isr_pendsv
                0x00000000100001ca                isr_systick
                0x00000000100001cc                isr_irq30
                0x00000000100001cc                __unhandled_user_irq
                0x00000000100001cc                isr_irq13
                0x00000000100001cc                isr_irq27
                0x00000000100001cc                isr_irq31
                0x00000000100001cc                isr_irq5
                0x00000000100001cc                isr_irq11
                0x00000000100001cc                isr_irq23
                0x00000000100001cc                isr_irq18
                0x00000000100001cc                isr_irq28
                0x00000000100001cc                isr_irq19
                0x00000000100001cc                isr_irq0
                0x00000000100001cc                isr_irq6
                0x00000000100001cc                isr_irq22
                0x00000000100001cc                isr_irq17
                0x00000000100001cc                isr_irq14
                0x00000000100001cc                isr_irq2
                0x00000000100001cc                isr_irq10
                0x00000000100001cc                isr_irq8
                0x00000000100001cc                isr_irq24
                0x00000000100001cc                isr_irq1
                0x00000000100001cc                isr_irq7
                0x00000000100001cc                isr_irq21
                0x00000000100001cc                isr_irq20
                0x00000000100001cc                isr_irq15
                0x00000000100001cc                isr_irq25
                0x00000000100001cc                isr_irq4
                0x00000000100001cc                isr_irq16
                0x00000000100001cc                isr_irq29
                0x00000000100001cc                isr_irq26
                0x00000000100001cc                __default_isrs_end
                0x00000000100001cc                isr_irq3
                0x00000000100001cc                isr_irq12
                0x00000000100001cc                isr_irq9
                0x00000000100001d2                unhandled_user_irq_num_in_r0
 *(.binary_info_header)
 .binary_info_header
                0x00000000100001d4       0x14 CMakeFiles/InvertedPendulum.dir/home/grigoreg/pico/pico-sdk/src/rp2_common/pico_standard_link/crt0.S.obj
                0x00000000100001e8                __binary_info_header_end = .
 *(.reset)
 .reset         0x00000000100001e8       0xa0 CMakeFiles/InvertedPendulum.dir/home/grigoreg/pico/pico-sdk/src/rp2_common/pico_standard_link/crt0.S.obj
                0x00000000100001e8                _entry_point
 .reset         0x0000000010000288       0x30 CMakeFiles/InvertedPendulum.dir/home/grigoreg/pico/pico-sdk/src/rp2_common/pico_standard_link/binary_info.c.obj
 *(.init)
 .init          0x00000000100002b8        0x4 /usr/lib/gcc/arm-none-eabi/10.3.1/thumb/v6-m/nofp/crti.o
                0x00000000100002b8                _init
 *(EXCLUDE_FILE(*libm.a: *libc.a:*lib_a-mem*.o *libgcc.a:) .text*)
 .text          0x00000000100002bc       0x98 /usr/lib/gcc/arm-none-eabi/10.3.1/thumb/v6-m/nofp/crtbegin.o
 .text.startup.main
                0x0000000010000354       0x90 CMakeFiles/InvertedPendulum.dir/InvertedPendulum.cpp.obj
                0x0000000010000354                main
 .text.startup._GLOBAL__sub_I__ZN13RotaryEncoder8rotationE
                0x00000000100003e4       0x10 CMakeFiles/InvertedPendulum.dir/InvertedPendulum.cpp.obj
 .text.gpio_set_function
                0x00000000100003f4       0x30 CMakeFiles/InvertedPendulum.dir/home/grigoreg/pico/pico-sdk/src/rp2_common/hardware_gpio/gpio.c.obj
                0x00000000100003f4                gpio_set_function
 .text.gpio_set_pulls
                0x0000000010000424       0x30 CMakeFiles/InvertedPendulum.dir/home/grigoreg/pico/pico-sdk/src/rp2_common/hardware_gpio/gpio.c.obj
                0x0000000010000424                gpio_set_pulls
 .text.gpio_init
                0x0000000010000454       0x3c CMakeFiles/InvertedPendulum.dir/home/grigoreg/pico/pico-sdk/src/rp2_common/hardware_gpio/gpio.c.obj
                0x0000000010000454                gpio_init
 .text.running_on_fpga
                0x0000000010000490       0x10 CMakeFiles/InvertedPendulum.dir/home/grigoreg/pico/pico-sdk/src/rp2_common/pico_platform/platform.c.obj
                0x0000000010000490                running_on_fpga
 .text.hw_claim_lock
                0x00000000100004a0       0x18 CMakeFiles/InvertedPendulum.dir/home/grigoreg/pico/pico-sdk/src/rp2_common/hardware_claim/claim.c.obj
                0x00000000100004a0                hw_claim_lock
 .text.hw_claim_unlock
                0x00000000100004b8       0x14 CMakeFiles/InvertedPendulum.dir/home/grigoreg/pico/pico-sdk/src/rp2_common/hardware_claim/claim.c.obj
                0x00000000100004b8                hw_claim_unlock
 .text.hw_claim_or_assert
                0x00000000100004cc       0x44 CMakeFiles/InvertedPendulum.dir/home/grigoreg/pico/pico-sdk/src/rp2_common/hardware_claim/claim.c.obj
                0x00000000100004cc                hw_claim_or_assert
 .text.hw_claim_unused_from_range
                0x0000000010000510       0x9c CMakeFiles/InvertedPendulum.dir/home/grigoreg/pico/pico-sdk/src/rp2_common/hardware_claim/claim.c.obj
                0x0000000010000510                hw_claim_unused_from_range
 .text.spin_locks_reset
                0x00000000100005ac       0x1c CMakeFiles/InvertedPendulum.dir/home/grigoreg/pico/pico-sdk/src/rp2_common/hardware_sync/sync.c.obj
                0x00000000100005ac                spin_locks_reset
 .text.next_striped_spin_lock_num
                0x00000000100005c8       0x18 CMakeFiles/InvertedPendulum.dir/home/grigoreg/pico/pico-sdk/src/rp2_common/hardware_sync/sync.c.obj
                0x00000000100005c8                next_striped_spin_lock_num
 .text.spin_lock_claim_unused
                0x00000000100005e0       0x20 CMakeFiles/InvertedPendulum.dir/home/grigoreg/pico/pico-sdk/src/rp2_common/hardware_sync/sync.c.obj
                0x00000000100005e0                spin_lock_claim_unused
 .text.irq_set_enabled
                0x0000000010000600       0x24 CMakeFiles/InvertedPendulum.dir/home/grigoreg/pico/pico-sdk/src/rp2_common/hardware_irq/irq.c.obj
                0x0000000010000600                irq_set_enabled
 .text.irq_set_pending
                0x0000000010000624       0x10 CMakeFiles/InvertedPendulum.dir/home/grigoreg/pico/pico-sdk/src/rp2_common/hardware_irq/irq.c.obj
                0x0000000010000624                irq_set_pending
 .text.irq_has_shared_handler
                0x0000000010000634       0x2c CMakeFiles/InvertedPendulum.dir/home/grigoreg/pico/pico-sdk/src/rp2_common/hardware_irq/irq.c.obj
                0x0000000010000634                irq_has_shared_handler
 .text.irq_get_vtable_handler
                0x0000000010000660       0x10 CMakeFiles/InvertedPendulum.dir/home/grigoreg/pico/pico-sdk/src/rp2_common/hardware_irq/irq.c.obj
                0x0000000010000660                irq_get_vtable_handler
 .text.irq_set_exclusive_handler
                0x0000000010000670       0x54 CMakeFiles/InvertedPendulum.dir/home/grigoreg/pico/pico-sdk/src/rp2_common/hardware_irq/irq.c.obj
                0x0000000010000670                irq_set_exclusive_handler
 .text.irq_add_shared_handler
                0x00000000100006c4      0x1e8 CMakeFiles/InvertedPendulum.dir/home/grigoreg/pico/pico-sdk/src/rp2_common/hardware_irq/irq.c.obj
                0x00000000100006c4                irq_add_shared_handler
 .text.irq_remove_handler
                0x00000000100008ac      0x1b0 CMakeFiles/InvertedPendulum.dir/home/grigoreg/pico/pico-sdk/src/rp2_common/hardware_irq/irq.c.obj
                0x00000000100008ac                irq_remove_handler
 .text.irq_add_tail_to_free_list
                0x0000000010000a5c       0xb4 CMakeFiles/InvertedPendulum.dir/home/grigoreg/pico/pico-sdk/src/rp2_common/hardware_irq/irq.c.obj
                0x0000000010000a5c                irq_add_tail_to_free_list
 .text.irq_init_priorities
                0x0000000010000b10       0x24 CMakeFiles/InvertedPendulum.dir/home/grigoreg/pico/pico-sdk/src/rp2_common/hardware_irq/irq.c.obj
                0x0000000010000b10                irq_init_priorities
 .text.user_irq_claim_unused
                0x0000000010000b34       0x28 CMakeFiles/InvertedPendulum.dir/home/grigoreg/pico/pico-sdk/src/rp2_common/hardware_irq/irq.c.obj
                0x0000000010000b34                user_irq_claim_unused
 .text.lock_init
                0x0000000010000b5c       0x10 CMakeFiles/InvertedPendulum.dir/home/grigoreg/pico/pico-sdk/src/common/pico_sync/lock_core.c.obj
                0x0000000010000b5c                lock_init
 .text.mutex_init
                0x0000000010000b6c       0x1c CMakeFiles/InvertedPendulum.dir/home/grigoreg/pico/pico-sdk/src/common/pico_sync/mutex.c.obj
                0x0000000010000b6c                mutex_init
 .text.recursive_mutex_init
                0x0000000010000b88       0x1c CMakeFiles/InvertedPendulum.dir/home/grigoreg/pico/pico-sdk/src/common/pico_sync/mutex.c.obj
                0x0000000010000b88                recursive_mutex_init
 .text.critical_section_init
                0x0000000010000ba4       0x20 CMakeFiles/InvertedPendulum.dir/home/grigoreg/pico/pico-sdk/src/common/pico_sync/critical_section.c.obj
                0x0000000010000ba4                critical_section_init
 .text.critical_section_init_with_lock_num
                0x0000000010000bc4       0x14 CMakeFiles/InvertedPendulum.dir/home/grigoreg/pico/pico-sdk/src/common/pico_sync/critical_section.c.obj
                0x0000000010000bc4                critical_section_init_with_lock_num
 .text.timer_pool_entry_comparator
                0x0000000010000bd8       0x34 CMakeFiles/InvertedPendulum.dir/home/grigoreg/pico/pico-sdk/src/common/pico_time/time.c.obj
                0x0000000010000bd8                timer_pool_entry_comparator
 .text.sleep_until_callback
                0x0000000010000c0c       0x30 CMakeFiles/InvertedPendulum.dir/home/grigoreg/pico/pico-sdk/src/common/pico_time/time.c.obj
 .text.add_alarm_under_lock.isra.0
                0x0000000010000c3c      0x100 CMakeFiles/InvertedPendulum.dir/home/grigoreg/pico/pico-sdk/src/common/pico_time/time.c.obj
 .text.alarm_pool_alarm_callback
                0x0000000010000d3c      0x1bc CMakeFiles/InvertedPendulum.dir/home/grigoreg/pico/pico-sdk/src/common/pico_time/time.c.obj
 .text.alarm_pool_init_default
                0x0000000010000ef8       0x6c CMakeFiles/InvertedPendulum.dir/home/grigoreg/pico/pico-sdk/src/common/pico_time/time.c.obj
                0x0000000010000ef8                alarm_pool_init_default
 .text.alarm_pool_get_default
                0x0000000010000f64        0x8 CMakeFiles/InvertedPendulum.dir/home/grigoreg/pico/pico-sdk/src/common/pico_time/time.c.obj
                0x0000000010000f64                alarm_pool_get_default
 .text.alarm_pool_add_alarm_at
                0x0000000010000f6c      0x178 CMakeFiles/InvertedPendulum.dir/home/grigoreg/pico/pico-sdk/src/common/pico_time/time.c.obj
                0x0000000010000f6c                alarm_pool_add_alarm_at
 .text.alarm_pool_core_num
                0x00000000100010e4        0x4 CMakeFiles/InvertedPendulum.dir/home/grigoreg/pico/pico-sdk/src/common/pico_time/time.c.obj
                0x00000000100010e4                alarm_pool_core_num
 .text.sleep_until
                0x00000000100010e8       0xc4 CMakeFiles/InvertedPendulum.dir/home/grigoreg/pico/pico-sdk/src/common/pico_time/time.c.obj
                0x00000000100010e8                sleep_until
 .text.sleep_us
                0x00000000100011ac       0x24 CMakeFiles/InvertedPendulum.dir/home/grigoreg/pico/pico-sdk/src/common/pico_time/time.c.obj
                0x00000000100011ac                sleep_us
 .text.sleep_ms
                0x00000000100011d0       0x34 CMakeFiles/InvertedPendulum.dir/home/grigoreg/pico/pico-sdk/src/common/pico_time/time.c.obj
                0x00000000100011d0                sleep_ms
 .text.best_effort_wfe_or_timeout
                0x0000000010001204       0xd4 CMakeFiles/InvertedPendulum.dir/home/grigoreg/pico/pico-sdk/src/common/pico_time/time.c.obj
                0x0000000010001204                best_effort_wfe_or_timeout
 .text.hardware_alarm_irq_handler
                0x00000000100012d8       0xbc CMakeFiles/InvertedPendulum.dir/home/grigoreg/pico/pico-sdk/src/rp2_common/hardware_timer/timer.c.obj
 .text.hardware_alarm_claim
                0x0000000010001394       0x18 CMakeFiles/InvertedPendulum.dir/home/grigoreg/pico/pico-sdk/src/rp2_common/hardware_timer/timer.c.obj
                0x0000000010001394                hardware_alarm_claim
 .text.time_us_64
                0x00000000100013ac       0x14 CMakeFiles/InvertedPendulum.dir/home/grigoreg/pico/pico-sdk/src/rp2_common/hardware_timer/timer.c.obj
                0x00000000100013ac                time_us_64
 .text.busy_wait_us
                0x00000000100013c0       0x54 CMakeFiles/InvertedPendulum.dir/home/grigoreg/pico/pico-sdk/src/rp2_common/hardware_timer/timer.c.obj
                0x00000000100013c0                busy_wait_us
 .text.busy_wait_until
                0x0000000010001414       0x20 CMakeFiles/InvertedPendulum.dir/home/grigoreg/pico/pico-sdk/src/rp2_common/hardware_timer/timer.c.obj
                0x0000000010001414                busy_wait_until
 .text.hardware_alarm_set_callback
                0x0000000010001434       0x8c CMakeFiles/InvertedPendulum.dir/home/grigoreg/pico/pico-sdk/src/rp2_common/hardware_timer/timer.c.obj
                0x0000000010001434                hardware_alarm_set_callback
 .text.hardware_alarm_set_target
                0x00000000100014c0       0xd4 CMakeFiles/InvertedPendulum.dir/home/grigoreg/pico/pico-sdk/src/rp2_common/hardware_timer/timer.c.obj
                0x00000000100014c0                hardware_alarm_set_target
 .text.hardware_alarm_cancel
                0x0000000010001594       0x3c CMakeFiles/InvertedPendulum.dir/home/grigoreg/pico/pico-sdk/src/rp2_common/hardware_timer/timer.c.obj
                0x0000000010001594                hardware_alarm_cancel
 .text.ph_merge_nodes
                0x00000000100015d0       0x68 CMakeFiles/InvertedPendulum.dir/home/grigoreg/pico/pico-sdk/src/common/pico_util/pheap.c.obj
 .text.ph_post_alloc_init
                0x0000000010001638       0x3c CMakeFiles/InvertedPendulum.dir/home/grigoreg/pico/pico-sdk/src/common/pico_util/pheap.c.obj
                0x0000000010001638                ph_post_alloc_init
 .text.ph_merge_two_pass
                0x0000000010001674       0x90 CMakeFiles/InvertedPendulum.dir/home/grigoreg/pico/pico-sdk/src/common/pico_util/pheap.c.obj
                0x0000000010001674                ph_merge_two_pass
 .text.ph_remove_any_head
                0x0000000010001704      0x100 CMakeFiles/InvertedPendulum.dir/home/grigoreg/pico/pico-sdk/src/common/pico_util/pheap.c.obj
 .text.ph_remove_head
                0x0000000010001804      0x104 CMakeFiles/InvertedPendulum.dir/home/grigoreg/pico/pico-sdk/src/common/pico_util/pheap.c.obj
                0x0000000010001804                ph_remove_head
 .text.ph_remove_and_free_node
                0x0000000010001908       0x7c CMakeFiles/InvertedPendulum.dir/home/grigoreg/pico/pico-sdk/src/common/pico_util/pheap.c.obj
                0x0000000010001908                ph_remove_and_free_node
 .text.clocks_init
                0x0000000010001984      0x2d0 CMakeFiles/InvertedPendulum.dir/home/grigoreg/pico/pico-sdk/src/rp2_common/hardware_clocks/clocks.c.obj
                0x0000000010001984                clocks_init
 .text.pll_init
                0x0000000010001c54       0xa0 CMakeFiles/InvertedPendulum.dir/home/grigoreg/pico/pico-sdk/src/rp2_common/hardware_pll/pll.c.obj
                0x0000000010001c54                pll_init
 .text.watchdog_start_tick
                0x0000000010001cf4       0x10 CMakeFiles/InvertedPendulum.dir/home/grigoreg/pico/pico-sdk/src/rp2_common/hardware_watchdog/watchdog.c.obj
                0x0000000010001cf4                watchdog_start_tick
 .text.watchdog_reboot
                0x0000000010001d04       0x98 CMakeFiles/InvertedPendulum.dir/home/grigoreg/pico/pico-sdk/src/rp2_common/hardware_watchdog/watchdog.c.obj
                0x0000000010001d04                watchdog_reboot
 .text.xosc_init
                0x0000000010001d9c       0x28 CMakeFiles/InvertedPendulum.dir/home/grigoreg/pico/pico-sdk/src/rp2_common/hardware_xosc/xosc.c.obj
                0x0000000010001d9c                xosc_init
 .text.runtime_init
                0x0000000010001dc4       0xf0 CMakeFiles/InvertedPendulum.dir/home/grigoreg/pico/pico-sdk/src/rp2_common/pico_runtime/runtime.c.obj
                0x0000000010001dc4                runtime_init
 .text._exit    0x0000000010001eb4        0x4 CMakeFiles/InvertedPendulum.dir/home/grigoreg/pico/pico-sdk/src/rp2_common/pico_runtime/runtime.c.obj
                0x0000000010001eb4                _exit
 .text._sbrk    0x0000000010001eb8       0x34 CMakeFiles/InvertedPendulum.dir/home/grigoreg/pico/pico-sdk/src/rp2_common/pico_runtime/runtime.c.obj
                0x0000000010001eb8                _sbrk
 .text.exit     0x0000000010001eec        0x8 CMakeFiles/InvertedPendulum.dir/home/grigoreg/pico/pico-sdk/src/rp2_common/pico_runtime/runtime.c.obj
                0x0000000010001eec                exit
 .text.__assert_func
                0x0000000010001ef4       0x34 CMakeFiles/InvertedPendulum.dir/home/grigoreg/pico/pico-sdk/src/rp2_common/pico_runtime/runtime.c.obj
                0x0000000010001ef4                __assert_func
 .text.panic    0x0000000010001f28       0x30 CMakeFiles/InvertedPendulum.dir/home/grigoreg/pico/pico-sdk/src/rp2_common/pico_runtime/runtime.c.obj
                0x0000000010001f28                panic
 .text.hard_assertion_failure
                0x0000000010001f58        0xc CMakeFiles/InvertedPendulum.dir/home/grigoreg/pico/pico-sdk/src/rp2_common/pico_runtime/runtime.c.obj
                0x0000000010001f58                hard_assertion_failure
 .text._out_buffer
                0x0000000010001f64        0x8 CMakeFiles/InvertedPendulum.dir/home/grigoreg/pico/pico-sdk/src/rp2_common/pico_printf/printf.c.obj
 .text._out_null
                0x0000000010001f6c        0x4 CMakeFiles/InvertedPendulum.dir/home/grigoreg/pico/pico-sdk/src/rp2_common/pico_printf/printf.c.obj
 .text._out_rev
                0x0000000010001f70       0x9c CMakeFiles/InvertedPendulum.dir/home/grigoreg/pico/pico-sdk/src/rp2_common/pico_printf/printf.c.obj
 .text._ntoa_format
                0x000000001000200c      0x1cc CMakeFiles/InvertedPendulum.dir/home/grigoreg/pico/pico-sdk/src/rp2_common/pico_printf/printf.c.obj
 .text._out_char
                0x00000000100021d8       0x10 CMakeFiles/InvertedPendulum.dir/home/grigoreg/pico/pico-sdk/src/rp2_common/pico_printf/printf.c.obj
 .text._etoa    0x00000000100021e8      0x44c CMakeFiles/InvertedPendulum.dir/home/grigoreg/pico/pico-sdk/src/rp2_common/pico_printf/printf.c.obj
 .text._ftoa    0x0000000010002634      0x398 CMakeFiles/InvertedPendulum.dir/home/grigoreg/pico/pico-sdk/src/rp2_common/pico_printf/printf.c.obj
 .text._vsnprintf
                0x00000000100029cc      0xb04 CMakeFiles/InvertedPendulum.dir/home/grigoreg/pico/pico-sdk/src/rp2_common/pico_printf/printf.c.obj
 .text.__wrap_sprintf
                0x00000000100034d0       0x28 CMakeFiles/InvertedPendulum.dir/home/grigoreg/pico/pico-sdk/src/rp2_common/pico_printf/printf.c.obj
                0x00000000100034d0                __wrap_sprintf
 .text.weak_raw_printf
                0x00000000100034f8       0x40 CMakeFiles/InvertedPendulum.dir/home/grigoreg/pico/pico-sdk/src/rp2_common/pico_printf/printf.c.obj
                0x00000000100034f8                weak_raw_printf
 .text.weak_raw_vprintf
                0x0000000010003538       0x30 CMakeFiles/InvertedPendulum.dir/home/grigoreg/pico/pico-sdk/src/rp2_common/pico_printf/printf.c.obj
                0x0000000010003538                weak_raw_vprintf
 .text          0x0000000010003568       0x10 CMakeFiles/InvertedPendulum.dir/home/grigoreg/pico/pico-sdk/src/rp2_common/pico_bit_ops/bit_ops_aeabi.S.obj
 .text.rom_func_lookup
                0x0000000010003578       0x10 CMakeFiles/InvertedPendulum.dir/home/grigoreg/pico/pico-sdk/src/rp2_common/pico_bootrom/bootrom.c.obj
                0x0000000010003578                rom_func_lookup
 .text.rom_data_lookup
                0x0000000010003588       0x10 CMakeFiles/InvertedPendulum.dir/home/grigoreg/pico/pico-sdk/src/rp2_common/pico_bootrom/bootrom.c.obj
                0x0000000010003588                rom_data_lookup
 .text.rom_funcs_lookup
                0x0000000010003598       0x44 CMakeFiles/InvertedPendulum.dir/home/grigoreg/pico/pico-sdk/src/rp2_common/pico_bootrom/bootrom.c.obj
                0x0000000010003598                rom_funcs_lookup
 .text.__wrap___aeabi_idiv
                0x00000000100035dc       0x50 CMakeFiles/InvertedPendulum.dir/home/grigoreg/pico/pico-sdk/src/rp2_common/pico_divider/divider.S.obj
                0x00000000100035dc                __wrap___aeabi_idivmod
                0x00000000100035dc                divmod_s32s32
                0x00000000100035dc                div_s32s32
                0x00000000100035dc                __wrap___aeabi_idiv
                0x00000000100035e4                divmod_s32s32_unsafe
                0x0000000010003610                divmod_s32s32_savestate
 .text.__wrap___aeabi_uidiv
                0x000000001000362c       0x4c CMakeFiles/InvertedPendulum.dir/home/grigoreg/pico/pico-sdk/src/rp2_common/pico_divider/divider.S.obj
                0x000000001000362c                __wrap___aeabi_uidiv
                0x000000001000362c                __wrap___aeabi_uidivmod
                0x000000001000362c                div_u32u32
                0x000000001000362c                divmod_u32u32
                0x0000000010003634                divmod_u32u32_unsafe
                0x000000001000365c                divmod_u32u32_savestate
 .text.__wrap___aeabi_ldiv
                0x0000000010003678      0x424 CMakeFiles/InvertedPendulum.dir/home/grigoreg/pico/pico-sdk/src/rp2_common/pico_divider/divider.S.obj
                0x0000000010003678                div_s64s64
                0x0000000010003678                divmod_s64s64
                0x0000000010003678                __wrap___aeabi_ldivmod
                0x00000000100036a8                div_u64u64
                0x00000000100036a8                divmod_u64u64
                0x00000000100036a8                __wrap___aeabi_uldivmod
                0x00000000100036b8                divmod_u64u64_savestate
                0x00000000100036d8                divmod_s64s64_unsafe
                0x0000000010003760                divmod_u64u64_unsafe
 .text.__wrap___aeabi_darithmetic
                0x0000000010003a9c       0x80 CMakeFiles/InvertedPendulum.dir/home/grigoreg/pico/pico-sdk/src/rp2_common/pico_double/double_aeabi.S.obj
                0x0000000010003a9c                __wrap___aeabi_drsub
                0x0000000010003aa2                __wrap___aeabi_dsub
                0x0000000010003ab4                __wrap___aeabi_dadd
                0x0000000010003ac6                __wrap___aeabi_ddiv
                0x0000000010003b02                __wrap___aeabi_dmul
 .text.__wrap___aeabi_cdcmple
                0x0000000010003b1c       0x6c CMakeFiles/InvertedPendulum.dir/home/grigoreg/pico/pico-sdk/src/rp2_common/pico_double/double_aeabi.S.obj
                0x0000000010003b1c                __wrap___aeabi_cdrcmple
                0x0000000010003b2c                __wrap___aeabi_cdcmple
                0x0000000010003b2c                __wrap___aeabi_cdcmpeq
 .text.__wrap___aeabi_dcmpeq
                0x0000000010003b88       0x10 CMakeFiles/InvertedPendulum.dir/home/grigoreg/pico/pico-sdk/src/rp2_common/pico_double/double_aeabi.S.obj
                0x0000000010003b88                __wrap___aeabi_dcmpeq
 .text.__wrap___aeabi_dcmplt
                0x0000000010003b98        0xc CMakeFiles/InvertedPendulum.dir/home/grigoreg/pico/pico-sdk/src/rp2_common/pico_double/double_aeabi.S.obj
                0x0000000010003b98                __wrap___aeabi_dcmplt
 .text.__wrap___aeabi_dcmple
                0x0000000010003ba4       0x10 CMakeFiles/InvertedPendulum.dir/home/grigoreg/pico/pico-sdk/src/rp2_common/pico_double/double_aeabi.S.obj
                0x0000000010003ba4                __wrap___aeabi_dcmple
 .text.__wrap___aeabi_dcmpge
                0x0000000010003bb4       0x10 CMakeFiles/InvertedPendulum.dir/home/grigoreg/pico/pico-sdk/src/rp2_common/pico_double/double_aeabi.S.obj
                0x0000000010003bb4                __wrap___aeabi_dcmpge
 .text.__wrap___aeabi_dcmpgt
                0x0000000010003bc4        0xa CMakeFiles/InvertedPendulum.dir/home/grigoreg/pico/pico-sdk/src/rp2_common/pico_double/double_aeabi.S.obj
                0x0000000010003bc4                __wrap___aeabi_dcmpgt
 .text.__wrap___aeabi_dcmpun
                0x0000000010003bce       0x1c CMakeFiles/InvertedPendulum.dir/home/grigoreg/pico/pico-sdk/src/rp2_common/pico_double/double_aeabi.S.obj
                0x0000000010003bce                __wrap___aeabi_dcmpun
 *fill*         0x0000000010003bea        0x2 
 .text.__wrap___aeabi_i2d
                0x0000000010003bec       0x38 CMakeFiles/InvertedPendulum.dir/home/grigoreg/pico/pico-sdk/src/rp2_common/pico_double/double_aeabi.S.obj
                0x0000000010003bec                __wrap___aeabi_ui2d
                0x0000000010003bf4                __wrap___aeabi_i2d
 .text.__wrap___aeabi_d2iz
                0x0000000010003c24       0x48 CMakeFiles/InvertedPendulum.dir/home/grigoreg/pico/pico-sdk/src/rp2_common/pico_double/double_aeabi.S.obj
                0x0000000010003c24                __wrap___aeabi_d2iz
                0x0000000010003c24                double2int_z
 .text.__wrap___aeabi_d2uiz
                0x0000000010003c6c       0x18 CMakeFiles/InvertedPendulum.dir/home/grigoreg/pico/pico-sdk/src/rp2_common/pico_double/double_aeabi.S.obj
                0x0000000010003c6c                double2uint
                0x0000000010003c6c                __wrap___aeabi_d2uiz
 .text.__wrap___aeabi_l2d
                0x0000000010003c84       0x18 CMakeFiles/InvertedPendulum.dir/home/grigoreg/pico/pico-sdk/src/rp2_common/pico_double/double_aeabi.S.obj
                0x0000000010003c84                __wrap___aeabi_l2d
 .text.__wrap___aeabi_d2lz
                0x0000000010003c9c       0x26 CMakeFiles/InvertedPendulum.dir/home/grigoreg/pico/pico-sdk/src/rp2_common/pico_double/double_aeabi.S.obj
                0x0000000010003c9c                __wrap___aeabi_d2lz
                0x0000000010003c9c                double2int64_z
 *fill*         0x0000000010003cc2        0x2 
 .text.double2int64
                0x0000000010003cc4       0x18 CMakeFiles/InvertedPendulum.dir/home/grigoreg/pico/pico-sdk/src/rp2_common/pico_double/double_aeabi.S.obj
                0x0000000010003cc4                double2int64
 .text.double2ufix64
                0x0000000010003cdc       0x18 CMakeFiles/InvertedPendulum.dir/home/grigoreg/pico/pico-sdk/src/rp2_common/pico_double/double_aeabi.S.obj
                0x0000000010003cdc                double2ufix64
 .text.__wrap___aeabi_d2f
                0x0000000010003cf4       0x18 CMakeFiles/InvertedPendulum.dir/home/grigoreg/pico/pico-sdk/src/rp2_common/pico_double/double_aeabi.S.obj
                0x0000000010003cf4                __wrap___aeabi_d2f
 .text.__aeabi_double_init
                0x0000000010003d0c       0x94 CMakeFiles/InvertedPendulum.dir/home/grigoreg/pico/pico-sdk/src/rp2_common/pico_double/double_init_rom.c.obj
                0x0000000010003d0c                __aeabi_double_init
 .text.double_table_shim_on_use_helper
                0x0000000010003da0       0x2c CMakeFiles/InvertedPendulum.dir/home/grigoreg/pico/pico-sdk/src/rp2_common/pico_double/double_v1_rom_shim.S.obj
                0x0000000010003da0                double_table_shim_on_use_helper
 .text.__wrap___aeabi_dsub
                0x0000000010003dcc       0x10 CMakeFiles/InvertedPendulum.dir/home/grigoreg/pico/pico-sdk/src/rp2_common/pico_double/double_v1_rom_shim.S.obj
                0x0000000010003dcc                drsub_shim
                0x0000000010003dd2                dsub_shim
 .text.dadd_shim
                0x0000000010003ddc      0x15c CMakeFiles/InvertedPendulum.dir/home/grigoreg/pico/pico-sdk/src/rp2_common/pico_double/double_v1_rom_shim.S.obj
                0x0000000010003ddc                dadd_shim
 .text.dmul_shim
                0x0000000010003f38      0x15c CMakeFiles/InvertedPendulum.dir/home/grigoreg/pico/pico-sdk/src/rp2_common/pico_double/double_v1_rom_shim.S.obj
                0x0000000010003f38                dmul_shim
 .text.ddiv_shim
                0x0000000010004094      0x1b0 CMakeFiles/InvertedPendulum.dir/home/grigoreg/pico/pico-sdk/src/rp2_common/pico_double/double_v1_rom_shim.S.obj
                0x0000000010004094                ddiv_shim
 .text.double2uint_shim
                0x0000000010004244        0xe CMakeFiles/InvertedPendulum.dir/home/grigoreg/pico/pico-sdk/src/rp2_common/pico_double/double_v1_rom_shim.S.obj
                0x0000000010004244                double2uint_shim
                0x0000000010004246                double2ufix_shim
 .text.double2int64_shim
                0x0000000010004252       0x1a CMakeFiles/InvertedPendulum.dir/home/grigoreg/pico/pico-sdk/src/rp2_common/pico_double/double_v1_rom_shim.S.obj
                0x0000000010004252                double2int64_shim
                0x0000000010004254                double2fix64_shim
 .text.double2uint64_shim
                0x000000001000426c       0x70 CMakeFiles/InvertedPendulum.dir/home/grigoreg/pico/pico-sdk/src/rp2_common/pico_double/double_v1_rom_shim.S.obj
                0x000000001000426c                double2uint64_shim
                0x000000001000426e                double2ufix64_shim
                0x000000001000428e                d2fix_a
 .text.double2float_shim
                0x00000000100042dc       0x5c CMakeFiles/InvertedPendulum.dir/home/grigoreg/pico/pico-sdk/src/rp2_common/pico_double/double_v1_rom_shim.S.obj
                0x00000000100042dc                double2float_shim
 .text.x2double_shims
                0x0000000010004338       0x90 CMakeFiles/InvertedPendulum.dir/home/grigoreg/pico/pico-sdk/src/rp2_common/pico_double/double_v1_rom_shim.S.obj
                0x0000000010004338                uint2double_shim
                0x000000001000433a                ufix2double_shim
                0x0000000010004340                int2double_shim
                0x0000000010004342                fix2double_shim
                0x0000000010004348                uint642double_shim
                0x000000001000434a                ufix642double_shim
                0x0000000010004350                int642double_shim
                0x0000000010004352                fix642double_shim
 .text.dunpacks
                0x00000000100043c8       0x3c CMakeFiles/InvertedPendulum.dir/home/grigoreg/pico/pico-sdk/src/rp2_common/pico_double/double_v1_rom_shim.S.obj
                0x00000000100043c8                dunpacks
 .text.__aeabi_lmul
                0x0000000010004404       0x32 CMakeFiles/InvertedPendulum.dir/home/grigoreg/pico/pico-sdk/src/rp2_common/pico_int64_ops/pico_int64_ops_aeabi.S.obj
                0x0000000010004404                __wrap___aeabi_lmul
 *fill*         0x0000000010004436        0x2 
 .text.__wrap___aeabi_cfcmple
                0x0000000010004438       0x50 CMakeFiles/InvertedPendulum.dir/home/grigoreg/pico/pico-sdk/src/rp2_common/pico_float/float_aeabi.S.obj
                0x0000000010004438                __wrap___aeabi_cfrcmple
                0x0000000010004444                __wrap___aeabi_cfcmpeq
                0x0000000010004444                __wrap___aeabi_cfcmple
 .text.__wrap___aeabi_fcmple
                0x0000000010004488       0x10 CMakeFiles/InvertedPendulum.dir/home/grigoreg/pico/pico-sdk/src/rp2_common/pico_float/float_aeabi.S.obj
                0x0000000010004488                __wrap___aeabi_fcmple
 .text.__wrap___aeabi_fcmpun
                0x0000000010004498       0x18 CMakeFiles/InvertedPendulum.dir/home/grigoreg/pico/pico-sdk/src/rp2_common/pico_float/float_aeabi.S.obj
                0x0000000010004498                __wrap___aeabi_fcmpun
 .text.__aeabi_float_init
                0x00000000100044b0       0x64 CMakeFiles/InvertedPendulum.dir/home/grigoreg/pico/pico-sdk/src/rp2_common/pico_float/float_init_rom.c.obj
                0x00000000100044b0                __aeabi_float_init
 .text.float_table_shim_on_use_helper
                0x0000000010004514       0x2c CMakeFiles/InvertedPendulum.dir/home/grigoreg/pico/pico-sdk/src/rp2_common/pico_float/float_v1_rom_shim.S.obj
                0x0000000010004514                float_table_shim_on_use_helper
 .text          0x0000000010004540       0x10 CMakeFiles/InvertedPendulum.dir/home/grigoreg/pico/pico-sdk/src/rp2_common/pico_mem_ops/mem_ops_aeabi.S.obj
                0x0000000010004540                __aeabi_mem_init
 .text.memset   0x0000000010004550        0xc CMakeFiles/InvertedPendulum.dir/home/grigoreg/pico/pico-sdk/src/rp2_common/pico_mem_ops/mem_ops_aeabi.S.obj
                0x0000000010004550                __wrap_memset
 .text.memcpy   0x000000001000455c        0xc CMakeFiles/InvertedPendulum.dir/home/grigoreg/pico/pico-sdk/src/rp2_common/pico_mem_ops/mem_ops_aeabi.S.obj
                0x000000001000455c                __wrap___aeabi_memcpy
                0x000000001000455c                __wrap_memcpy
 .text.stdio_out_chars_no_crlf
                0x0000000010004568       0x10 CMakeFiles/InvertedPendulum.dir/home/grigoreg/pico/pico-sdk/src/rp2_common/pico_stdio/stdio.c.obj
 .text.stdio_out_chars_crlf
                0x0000000010004578       0xb4 CMakeFiles/InvertedPendulum.dir/home/grigoreg/pico/pico-sdk/src/rp2_common/pico_stdio/stdio.c.obj
 .text.stdio_put_string.isra.0
                0x000000001000462c       0xfc CMakeFiles/InvertedPendulum.dir/home/grigoreg/pico/pico-sdk/src/rp2_common/pico_stdio/stdio.c.obj
 .text.__wrap_putchar
                0x0000000010004728       0x98 CMakeFiles/InvertedPendulum.dir/home/grigoreg/pico/pico-sdk/src/rp2_common/pico_stdio/stdio.c.obj
                0x0000000010004728                __wrap_putchar
 .text.__wrap_puts
                0x00000000100047c0       0x3c CMakeFiles/InvertedPendulum.dir/home/grigoreg/pico/pico-sdk/src/rp2_common/pico_stdio/stdio.c.obj
                0x00000000100047c0                __wrap_puts
 .text._read    0x00000000100047fc       0x94 CMakeFiles/InvertedPendulum.dir/home/grigoreg/pico/pico-sdk/src/rp2_common/pico_stdio/stdio.c.obj
                0x00000000100047fc                _read
 .text._write   0x0000000010004890       0xac CMakeFiles/InvertedPendulum.dir/home/grigoreg/pico/pico-sdk/src/rp2_common/pico_stdio/stdio.c.obj
                0x0000000010004890                _write
 .text._close   0x000000001000493c        0x8 CMakeFiles/InvertedPendulum.dir/home/grigoreg/pico/pico-sdk/src/rp2_common/pico_stdio/stdio.c.obj
                0x000000001000493c                _close
 .text._lseek   0x0000000010004944        0x8 CMakeFiles/InvertedPendulum.dir/home/grigoreg/pico/pico-sdk/src/rp2_common/pico_stdio/stdio.c.obj
                0x0000000010004944                _lseek
 .text._fstat   0x000000001000494c        0x8 CMakeFiles/InvertedPendulum.dir/home/grigoreg/pico/pico-sdk/src/rp2_common/pico_stdio/stdio.c.obj
                0x000000001000494c                _fstat
 .text._isatty  0x0000000010004954        0xc CMakeFiles/InvertedPendulum.dir/home/grigoreg/pico/pico-sdk/src/rp2_common/pico_stdio/stdio.c.obj
                0x0000000010004954                _isatty
 .text.stdio_set_driver_enabled
                0x0000000010004960       0x30 CMakeFiles/InvertedPendulum.dir/home/grigoreg/pico/pico-sdk/src/rp2_common/pico_stdio/stdio.c.obj
                0x0000000010004960                stdio_set_driver_enabled
 .text.stdio_init_all
                0x0000000010004990        0x8 CMakeFiles/InvertedPendulum.dir/home/grigoreg/pico/pico-sdk/src/rp2_common/pico_stdio/stdio.c.obj
                0x0000000010004990                stdio_init_all
 .text.resetd_init
                0x0000000010004998        0x4 CMakeFiles/InvertedPendulum.dir/home/grigoreg/pico/pico-sdk/src/rp2_common/pico_stdio_usb/reset_interface.c.obj
 .text.resetd_reset
                0x000000001000499c        0xc CMakeFiles/InvertedPendulum.dir/home/grigoreg/pico/pico-sdk/src/rp2_common/pico_stdio_usb/reset_interface.c.obj
 .text.resetd_open
                0x00000000100049a8       0x28 CMakeFiles/InvertedPendulum.dir/home/grigoreg/pico/pico-sdk/src/rp2_common/pico_stdio_usb/reset_interface.c.obj
 .text.resetd_xfer_cb
                0x00000000100049d0        0x4 CMakeFiles/InvertedPendulum.dir/home/grigoreg/pico/pico-sdk/src/rp2_common/pico_stdio_usb/reset_interface.c.obj
 .text.resetd_control_xfer_cb
                0x00000000100049d4       0x64 CMakeFiles/InvertedPendulum.dir/home/grigoreg/pico/pico-sdk/src/rp2_common/pico_stdio_usb/reset_interface.c.obj
 .text.usbd_app_driver_get_cb
                0x0000000010004a38        0xc CMakeFiles/InvertedPendulum.dir/home/grigoreg/pico/pico-sdk/src/rp2_common/pico_stdio_usb/reset_interface.c.obj
                0x0000000010004a38                usbd_app_driver_get_cb
 .text.tud_cdc_line_coding_cb
                0x0000000010004a44       0x34 CMakeFiles/InvertedPendulum.dir/home/grigoreg/pico/pico-sdk/src/rp2_common/pico_stdio_usb/reset_interface.c.obj
                0x0000000010004a44                tud_cdc_line_coding_cb
 .text.stdio_usb_set_chars_available_callback
                0x0000000010004a78       0x14 CMakeFiles/InvertedPendulum.dir/home/grigoreg/pico/pico-sdk/src/rp2_common/pico_stdio_usb/stdio_usb.c.obj
                0x0000000010004a78                stdio_usb_set_chars_available_callback
 .text.usb_irq  0x0000000010004a8c       0x10 CMakeFiles/InvertedPendulum.dir/home/grigoreg/pico/pico-sdk/src/rp2_common/pico_stdio_usb/stdio_usb.c.obj
 .text.timer_task
                0x0000000010004a9c       0x54 CMakeFiles/InvertedPendulum.dir/home/grigoreg/pico/pico-sdk/src/rp2_common/pico_stdio_usb/stdio_usb.c.obj
 .text.stdio_usb_in_chars
                0x0000000010004af0       0x90 CMakeFiles/InvertedPendulum.dir/home/grigoreg/pico/pico-sdk/src/rp2_common/pico_stdio_usb/stdio_usb.c.obj
                0x0000000010004af0                stdio_usb_in_chars
 .text.stdio_usb_out_chars
                0x0000000010004b80      0x100 CMakeFiles/InvertedPendulum.dir/home/grigoreg/pico/pico-sdk/src/rp2_common/pico_stdio_usb/stdio_usb.c.obj
 .text.low_priority_worker_irq
                0x0000000010004c80       0xa8 CMakeFiles/InvertedPendulum.dir/home/grigoreg/pico/pico-sdk/src/rp2_common/pico_stdio_usb/stdio_usb.c.obj
 .text.tud_cdc_rx_cb
                0x0000000010004d28       0x20 CMakeFiles/InvertedPendulum.dir/home/grigoreg/pico/pico-sdk/src/rp2_common/pico_stdio_usb/stdio_usb.c.obj
                0x0000000010004d28                tud_cdc_rx_cb
 .text.stdio_usb_init
                0x0000000010004d48       0xdc CMakeFiles/InvertedPendulum.dir/home/grigoreg/pico/pico-sdk/src/rp2_common/pico_stdio_usb/stdio_usb.c.obj
                0x0000000010004d48                stdio_usb_init
 .text.tud_descriptor_device_cb
                0x0000000010004e24        0x8 CMakeFiles/InvertedPendulum.dir/home/grigoreg/pico/pico-sdk/src/rp2_common/pico_stdio_usb/stdio_usb_descriptors.c.obj
                0x0000000010004e24                tud_descriptor_device_cb
 .text.tud_descriptor_configuration_cb
                0x0000000010004e2c        0x8 CMakeFiles/InvertedPendulum.dir/home/grigoreg/pico/pico-sdk/src/rp2_common/pico_stdio_usb/stdio_usb_descriptors.c.obj
                0x0000000010004e2c                tud_descriptor_configuration_cb
 .text.tud_descriptor_string_cb
                0x0000000010004e34       0x74 CMakeFiles/InvertedPendulum.dir/home/grigoreg/pico/pico-sdk/src/rp2_common/pico_stdio_usb/stdio_usb_descriptors.c.obj
                0x0000000010004e34                tud_descriptor_string_cb
 .text.startup._retrieve_unique_id_on_boot
                0x0000000010004ea8       0x10 CMakeFiles/InvertedPendulum.dir/home/grigoreg/pico/pico-sdk/src/rp2_common/pico_unique_id/unique_id.c.obj
 .text.pico_get_unique_board_id_string
                0x0000000010004eb8      0x1a8 CMakeFiles/InvertedPendulum.dir/home/grigoreg/pico/pico-sdk/src/rp2_common/pico_unique_id/unique_id.c.obj
                0x0000000010004eb8                pico_get_unique_board_id_string
 .text.flash_get_unique_id
                0x0000000010005060       0x40 CMakeFiles/InvertedPendulum.dir/home/grigoreg/pico/pico-sdk/src/rp2_common/hardware_flash/flash.c.obj
                0x0000000010005060                flash_get_unique_id
 .text.dcd_int_enable
                0x00000000100050a0        0xc CMakeFiles/InvertedPendulum.dir/home/grigoreg/pico/pico-sdk/lib/tinyusb/src/portable/raspberrypi/rp2040/dcd_rp2040.c.obj
                0x00000000100050a0                dcd_int_enable
 .text.dcd_set_address
                0x00000000100050ac       0x14 CMakeFiles/InvertedPendulum.dir/home/grigoreg/pico/pico-sdk/lib/tinyusb/src/portable/raspberrypi/rp2040/dcd_rp2040.c.obj
                0x00000000100050ac                dcd_set_address
 .text.dcd_connect
                0x00000000100050c0       0x10 CMakeFiles/InvertedPendulum.dir/home/grigoreg/pico/pico-sdk/lib/tinyusb/src/portable/raspberrypi/rp2040/dcd_rp2040.c.obj
                0x00000000100050c0                dcd_connect
 .text.dcd_init
                0x00000000100050d0       0x98 CMakeFiles/InvertedPendulum.dir/home/grigoreg/pico/pico-sdk/lib/tinyusb/src/portable/raspberrypi/rp2040/dcd_rp2040.c.obj
                0x00000000100050d0                dcd_init
 .text.dcd_edpt0_status_complete
                0x0000000010005168       0x1c CMakeFiles/InvertedPendulum.dir/home/grigoreg/pico/pico-sdk/lib/tinyusb/src/portable/raspberrypi/rp2040/dcd_rp2040.c.obj
                0x0000000010005168                dcd_edpt0_status_complete
 .text.dcd_edpt_open
                0x0000000010005184      0x108 CMakeFiles/InvertedPendulum.dir/home/grigoreg/pico/pico-sdk/lib/tinyusb/src/portable/raspberrypi/rp2040/dcd_rp2040.c.obj
                0x0000000010005184                dcd_edpt_open
 .text.dcd_edpt_close_all
                0x000000001000528c        0x8 CMakeFiles/InvertedPendulum.dir/home/grigoreg/pico/pico-sdk/lib/tinyusb/src/portable/raspberrypi/rp2040/dcd_rp2040.c.obj
                0x000000001000528c                dcd_edpt_close_all
 .text.dcd_edpt_xfer
                0x0000000010005294       0x24 CMakeFiles/InvertedPendulum.dir/home/grigoreg/pico/pico-sdk/lib/tinyusb/src/portable/raspberrypi/rp2040/dcd_rp2040.c.obj
                0x0000000010005294                dcd_edpt_xfer
 .text.dcd_edpt_stall
                0x00000000100052b8       0x38 CMakeFiles/InvertedPendulum.dir/home/grigoreg/pico/pico-sdk/lib/tinyusb/src/portable/raspberrypi/rp2040/dcd_rp2040.c.obj
                0x00000000100052b8                dcd_edpt_stall
 .text.dcd_edpt_clear_stall
                0x00000000100052f0       0x30 CMakeFiles/InvertedPendulum.dir/home/grigoreg/pico/pico-sdk/lib/tinyusb/src/portable/raspberrypi/rp2040/dcd_rp2040.c.obj
                0x00000000100052f0                dcd_edpt_clear_stall
 .text.rp2040_usb_init
                0x0000000010005320       0x4c CMakeFiles/InvertedPendulum.dir/home/grigoreg/pico/pico-sdk/lib/tinyusb/src/portable/raspberrypi/rp2040/rp2040_usb.c.obj
                0x0000000010005320                rp2040_usb_init
 .text.hw_endpoint_xfer_start
                0x000000001000536c       0x50 CMakeFiles/InvertedPendulum.dir/home/grigoreg/pico/pico-sdk/lib/tinyusb/src/portable/raspberrypi/rp2040/rp2040_usb.c.obj
                0x000000001000536c                hw_endpoint_xfer_start
 .text.tud_mounted
                0x00000000100053bc       0x10 CMakeFiles/InvertedPendulum.dir/home/grigoreg/pico/pico-sdk/lib/tinyusb/src/device/usbd.c.obj
                0x00000000100053bc                tud_mounted
 .text.tud_suspended
                0x00000000100053cc       0x10 CMakeFiles/InvertedPendulum.dir/home/grigoreg/pico/pico-sdk/lib/tinyusb/src/device/usbd.c.obj
                0x00000000100053cc                tud_suspended
 .text.tud_inited
                0x00000000100053dc       0x14 CMakeFiles/InvertedPendulum.dir/home/grigoreg/pico/pico-sdk/lib/tinyusb/src/device/usbd.c.obj
                0x00000000100053dc                tud_inited
 .text.tud_init
                0x00000000100053f0       0xe4 CMakeFiles/InvertedPendulum.dir/home/grigoreg/pico/pico-sdk/lib/tinyusb/src/device/usbd.c.obj
                0x00000000100053f0                tud_init
 .text.tud_task_ext
                0x00000000100054d4      0x854 CMakeFiles/InvertedPendulum.dir/home/grigoreg/pico/pico-sdk/lib/tinyusb/src/device/usbd.c.obj
                0x00000000100054d4                tud_task_ext
 .text.usbd_open_edpt_pair
                0x0000000010005d28       0x9c CMakeFiles/InvertedPendulum.dir/home/grigoreg/pico/pico-sdk/lib/tinyusb/src/device/usbd.c.obj
                0x0000000010005d28                usbd_open_edpt_pair
 .text.usbd_defer_func
                0x0000000010005dc4       0x48 CMakeFiles/InvertedPendulum.dir/home/grigoreg/pico/pico-sdk/lib/tinyusb/src/device/usbd.c.obj
                0x0000000010005dc4                usbd_defer_func
 .text.usbd_edpt_open
                0x0000000010005e0c       0x34 CMakeFiles/InvertedPendulum.dir/home/grigoreg/pico/pico-sdk/lib/tinyusb/src/device/usbd.c.obj
                0x0000000010005e0c                usbd_edpt_open
 .text.usbd_edpt_claim
                0x0000000010005e40       0x28 CMakeFiles/InvertedPendulum.dir/home/grigoreg/pico/pico-sdk/lib/tinyusb/src/device/usbd.c.obj
                0x0000000010005e40                usbd_edpt_claim
 .text.usbd_edpt_release
                0x0000000010005e68       0x28 CMakeFiles/InvertedPendulum.dir/home/grigoreg/pico/pico-sdk/lib/tinyusb/src/device/usbd.c.obj
                0x0000000010005e68                usbd_edpt_release
 .text.usbd_edpt_xfer
                0x0000000010005e90       0x4c CMakeFiles/InvertedPendulum.dir/home/grigoreg/pico/pico-sdk/lib/tinyusb/src/device/usbd.c.obj
                0x0000000010005e90                usbd_edpt_xfer
 .text.tud_control_status
                0x0000000010005edc       0x30 CMakeFiles/InvertedPendulum.dir/home/grigoreg/pico/pico-sdk/lib/tinyusb/src/device/usbd_control.c.obj
                0x0000000010005edc                tud_control_status
 .text.tud_control_xfer
                0x0000000010005f0c       0xbc CMakeFiles/InvertedPendulum.dir/home/grigoreg/pico/pico-sdk/lib/tinyusb/src/device/usbd_control.c.obj
                0x0000000010005f0c                tud_control_xfer
 .text.usbd_control_reset
                0x0000000010005fc8       0x14 CMakeFiles/InvertedPendulum.dir/home/grigoreg/pico/pico-sdk/lib/tinyusb/src/device/usbd_control.c.obj
                0x0000000010005fc8                usbd_control_reset
 .text.usbd_control_set_complete_callback
                0x0000000010005fdc        0xc CMakeFiles/InvertedPendulum.dir/home/grigoreg/pico/pico-sdk/lib/tinyusb/src/device/usbd_control.c.obj
                0x0000000010005fdc                usbd_control_set_complete_callback
 .text.usbd_control_set_request
                0x0000000010005fe8       0x1c CMakeFiles/InvertedPendulum.dir/home/grigoreg/pico/pico-sdk/lib/tinyusb/src/device/usbd_control.c.obj
                0x0000000010005fe8                usbd_control_set_request
 .text.usbd_control_xfer_cb
                0x0000000010006004       0xfc CMakeFiles/InvertedPendulum.dir/home/grigoreg/pico/pico-sdk/lib/tinyusb/src/device/usbd_control.c.obj
                0x0000000010006004                usbd_control_xfer_cb
 .text.tud_cdc_n_connected
                0x0000000010006100       0x30 CMakeFiles/InvertedPendulum.dir/home/grigoreg/pico/pico-sdk/lib/tinyusb/src/class/cdc/cdc_device.c.obj
                0x0000000010006100                tud_cdc_n_connected
 .text.tud_cdc_n_available
                0x0000000010006130       0x18 CMakeFiles/InvertedPendulum.dir/home/grigoreg/pico/pico-sdk/lib/tinyusb/src/class/cdc/cdc_device.c.obj
                0x0000000010006130                tud_cdc_n_available
 .text.tud_cdc_n_read
                0x0000000010006148       0x70 CMakeFiles/InvertedPendulum.dir/home/grigoreg/pico/pico-sdk/lib/tinyusb/src/class/cdc/cdc_device.c.obj
                0x0000000010006148                tud_cdc_n_read
 .text.tud_cdc_n_write_flush
                0x00000000100061b8       0x78 CMakeFiles/InvertedPendulum.dir/home/grigoreg/pico/pico-sdk/lib/tinyusb/src/class/cdc/cdc_device.c.obj
                0x00000000100061b8                tud_cdc_n_write_flush
 .text.tud_cdc_n_write
                0x0000000010006230       0x34 CMakeFiles/InvertedPendulum.dir/home/grigoreg/pico/pico-sdk/lib/tinyusb/src/class/cdc/cdc_device.c.obj
                0x0000000010006230                tud_cdc_n_write
 .text.tud_cdc_n_write_available
                0x0000000010006264       0x18 CMakeFiles/InvertedPendulum.dir/home/grigoreg/pico/pico-sdk/lib/tinyusb/src/class/cdc/cdc_device.c.obj
                0x0000000010006264                tud_cdc_n_write_available
 .text.cdcd_init
                0x000000001000627c       0x7c CMakeFiles/InvertedPendulum.dir/home/grigoreg/pico/pico-sdk/lib/tinyusb/src/class/cdc/cdc_device.c.obj
                0x000000001000627c                cdcd_init
 .text.cdcd_reset
                0x00000000100062f8       0x2c CMakeFiles/InvertedPendulum.dir/home/grigoreg/pico/pico-sdk/lib/tinyusb/src/class/cdc/cdc_device.c.obj
                0x00000000100062f8                cdcd_reset
 .text.cdcd_open
                0x0000000010006324       0xe8 CMakeFiles/InvertedPendulum.dir/home/grigoreg/pico/pico-sdk/lib/tinyusb/src/class/cdc/cdc_device.c.obj
                0x0000000010006324                cdcd_open
 .text.cdcd_control_xfer_cb
                0x000000001000640c       0xe4 CMakeFiles/InvertedPendulum.dir/home/grigoreg/pico/pico-sdk/lib/tinyusb/src/class/cdc/cdc_device.c.obj
                0x000000001000640c                cdcd_control_xfer_cb
 .text.cdcd_xfer_cb
                0x00000000100064f0      0x148 CMakeFiles/InvertedPendulum.dir/home/grigoreg/pico/pico-sdk/lib/tinyusb/src/class/cdc/cdc_device.c.obj
                0x00000000100064f0                cdcd_xfer_cb
 .text.tusb_init
                0x0000000010006638        0xc CMakeFiles/InvertedPendulum.dir/home/grigoreg/pico/pico-sdk/lib/tinyusb/src/tusb.c.obj
                0x0000000010006638                tusb_init
 .text.tusb_inited
                0x0000000010006644        0x8 CMakeFiles/InvertedPendulum.dir/home/grigoreg/pico/pico-sdk/lib/tinyusb/src/tusb.c.obj
                0x0000000010006644                tusb_inited
 .text.tu_edpt_claim
                0x000000001000664c       0x50 CMakeFiles/InvertedPendulum.dir/home/grigoreg/pico/pico-sdk/lib/tinyusb/src/tusb.c.obj
                0x000000001000664c                tu_edpt_claim
 .text.tu_edpt_release
                0x000000001000669c       0x38 CMakeFiles/InvertedPendulum.dir/home/grigoreg/pico/pico-sdk/lib/tinyusb/src/tusb.c.obj
                0x000000001000669c                tu_edpt_release
 .text.tu_edpt_validate
                0x00000000100066d4       0x78 CMakeFiles/InvertedPendulum.dir/home/grigoreg/pico/pico-sdk/lib/tinyusb/src/tusb.c.obj
                0x00000000100066d4                tu_edpt_validate
 .text.tu_edpt_bind_driver
                0x000000001000674c       0x34 CMakeFiles/InvertedPendulum.dir/home/grigoreg/pico/pico-sdk/lib/tinyusb/src/tusb.c.obj
                0x000000001000674c                tu_edpt_bind_driver
 .text.tu_fifo_config
                0x0000000010006780       0x70 CMakeFiles/InvertedPendulum.dir/home/grigoreg/pico/pico-sdk/lib/tinyusb/src/common/tusb_fifo.c.obj
                0x0000000010006780                tu_fifo_config
 .text.tu_fifo_count
                0x00000000100067f0       0x2c CMakeFiles/InvertedPendulum.dir/home/grigoreg/pico/pico-sdk/lib/tinyusb/src/common/tusb_fifo.c.obj
                0x00000000100067f0                tu_fifo_count
 .text.tu_fifo_empty
                0x000000001000681c       0x10 CMakeFiles/InvertedPendulum.dir/home/grigoreg/pico/pico-sdk/lib/tinyusb/src/common/tusb_fifo.c.obj
                0x000000001000681c                tu_fifo_empty
 .text.tu_fifo_remaining
                0x000000001000682c       0x2c CMakeFiles/InvertedPendulum.dir/home/grigoreg/pico/pico-sdk/lib/tinyusb/src/common/tusb_fifo.c.obj
                0x000000001000682c                tu_fifo_remaining
 .text.tu_fifo_read
                0x0000000010006858       0xa0 CMakeFiles/InvertedPendulum.dir/home/grigoreg/pico/pico-sdk/lib/tinyusb/src/common/tusb_fifo.c.obj
                0x0000000010006858                tu_fifo_read
 .text.tu_fifo_read_n
                0x00000000100068f8       0xec CMakeFiles/InvertedPendulum.dir/home/grigoreg/pico/pico-sdk/lib/tinyusb/src/common/tusb_fifo.c.obj
                0x00000000100068f8                tu_fifo_read_n
 .text.tu_fifo_write
                0x00000000100069e4       0x88 CMakeFiles/InvertedPendulum.dir/home/grigoreg/pico/pico-sdk/lib/tinyusb/src/common/tusb_fifo.c.obj
                0x00000000100069e4                tu_fifo_write
 .text.tu_fifo_write_n
                0x0000000010006a6c      0x168 CMakeFiles/InvertedPendulum.dir/home/grigoreg/pico/pico-sdk/lib/tinyusb/src/common/tusb_fifo.c.obj
                0x0000000010006a6c                tu_fifo_write_n
 .text.tu_fifo_clear
                0x0000000010006bd4       0x40 CMakeFiles/InvertedPendulum.dir/home/grigoreg/pico/pico-sdk/lib/tinyusb/src/common/tusb_fifo.c.obj
                0x0000000010006bd4                tu_fifo_clear
 .text.tu_fifo_set_overwritable
                0x0000000010006c14       0x48 CMakeFiles/InvertedPendulum.dir/home/grigoreg/pico/pico-sdk/lib/tinyusb/src/common/tusb_fifo.c.obj
                0x0000000010006c14                tu_fifo_set_overwritable
 .text.pio_add_program
                0x0000000010006c5c       0xc8 CMakeFiles/InvertedPendulum.dir/home/grigoreg/pico/pico-sdk/src/rp2_common/hardware_pio/pio.c.obj
                0x0000000010006c5c                pio_add_program
 .text.pio_sm_init
                0x0000000010006d24       0x8c CMakeFiles/InvertedPendulum.dir/home/grigoreg/pico/pico-sdk/src/rp2_common/hardware_pio/pio.c.obj
                0x0000000010006d24                pio_sm_init
 .text._ZN13RotaryEncoder15pio_irq_handlerEv
                0x0000000010006db0       0x30 ../lib/Rotary_encoder/librotary_encoder.a(pio_rotary_encoder.cpp.obj)
                0x0000000010006db0                RotaryEncoder::pio_irq_handler()
 .text._ZN13RotaryEncoderC2Ej
                0x0000000010006de0       0xb4 ../lib/Rotary_encoder/librotary_encoder.a(pio_rotary_encoder.cpp.obj)
                0x0000000010006de0                RotaryEncoder::RotaryEncoder(unsigned int)
                0x0000000010006de0                RotaryEncoder::RotaryEncoder(unsigned int)
 .text._ZN13RotaryEncoder12set_rotationEi
                0x0000000010006e94        0xc ../lib/Rotary_encoder/librotary_encoder.a(pio_rotary_encoder.cpp.obj)
                0x0000000010006e94                RotaryEncoder::set_rotation(int)
 .text.set_stepper
                0x0000000010006ea0       0x88 ../lib/Stepper/libstepperDriver.a(stepper.c.obj)
                0x0000000010006ea0                set_stepper
 .text.setDelay
                0x0000000010006f28        0xc ../lib/Stepper/libstepperDriver.a(stepper.c.obj)
                0x0000000010006f28                setDelay
 .text.setDirection
                0x0000000010006f34       0x1c ../lib/Stepper/libstepperDriver.a(stepper.c.obj)
                0x0000000010006f34                setDirection
 .text.step     0x0000000010006f50       0x5c ../lib/Stepper/libstepperDriver.a(stepper.c.obj)
                0x0000000010006f50                step
 .text.setStepMode
                0x0000000010006fac       0xac ../lib/Stepper/libstepperDriver.a(stepper.c.obj)
                0x0000000010006fac                setStepMode
 .text          0x0000000010007058       0x5c /usr/lib/gcc/arm-none-eabi/10.3.1/../../../arm-none-eabi/lib/thumb/v6-m/nofp/libc.a(lib_a-callocr.o)
                0x0000000010007058                _calloc_r
 .text          0x00000000100070b4      0x574 /usr/lib/gcc/arm-none-eabi/10.3.1/../../../arm-none-eabi/lib/thumb/v6-m/nofp/libc.a(lib_a-mallocr.o)
                0x00000000100070b4                _malloc_r
 .text          0x0000000010007628        0x8 /usr/lib/gcc/arm-none-eabi/10.3.1/../../../arm-none-eabi/lib/thumb/v6-m/nofp/libc.a(lib_a-mlock.o)
                0x0000000010007628                __malloc_lock
                0x000000001000762c                __malloc_unlock
 .text          0x0000000010007630      0x354 /usr/lib/gcc/arm-none-eabi/10.3.1/../../../arm-none-eabi/lib/thumb/v6-m/nofp/libc.a(lib_a-reallocr.o)
                0x0000000010007630                _realloc_r
 .text          0x0000000010007984       0x24 /usr/lib/gcc/arm-none-eabi/10.3.1/../../../arm-none-eabi/lib/thumb/v6-m/nofp/libc.a(lib_a-sbrkr.o)
                0x0000000010007984                _sbrk_r
 .text          0x00000000100079a8       0x40 /usr/lib/gcc/arm-none-eabi/10.3.1/../../../arm-none-eabi/lib/thumb/v6-m/nofp/libc.a(lib_a-scanf.o)
                0x00000000100079a8                scanf
                0x00000000100079cc                _scanf_r
 .text          0x00000000100079e8       0x5c /usr/lib/gcc/arm-none-eabi/10.3.1/../../../arm-none-eabi/lib/thumb/v6-m/nofp/libc.a(lib_a-strlen-stub.o)
                0x00000000100079e8                strlen
 .text          0x0000000010007a44      0xfe0 /usr/lib/gcc/arm-none-eabi/10.3.1/../../../arm-none-eabi/lib/thumb/v6-m/nofp/libc.a(lib_a-vfscanf.o)
                0x0000000010007a44                __svfscanf_r
                0x00000000100089b4                vfscanf
                0x00000000100089e4                __svfscanf
                0x00000000100089fc                _vfscanf_r
 .text          0x0000000010008a24      0x248 /usr/lib/gcc/arm-none-eabi/10.3.1/../../../arm-none-eabi/lib/thumb/v6-m/nofp/libc.a(lib_a-findfp.o)
                0x0000000010008a28                _cleanup_r
                0x0000000010008b24                __sfmoreglue
                0x0000000010008b54                __sfp
                0x0000000010008c04                _cleanup
                0x0000000010008c1c                __sinit
                0x0000000010008c2c                __sfp_lock_acquire
                0x0000000010008c30                __sfp_lock_release
                0x0000000010008c34                __sinit_lock_acquire
                0x0000000010008c38                __sinit_lock_release
                0x0000000010008c3c                __fp_lock_all
                0x0000000010008c54                __fp_unlock_all
 .text          0x0000000010008c6c      0x190 /usr/lib/gcc/arm-none-eabi/10.3.1/../../../arm-none-eabi/lib/thumb/v6-m/nofp/libc.a(lib_a-fread.o)
                0x0000000010008c6c                _fread_r
                0x0000000010008ddc                fread
 .text          0x0000000010008dfc      0x260 /usr/lib/gcc/arm-none-eabi/10.3.1/../../../arm-none-eabi/lib/thumb/v6-m/nofp/libc.a(lib_a-freer.o)
                0x0000000010008dfc                _malloc_trim_r
                0x0000000010008e98                _free_r
 .text          0x000000001000905c       0x88 /usr/lib/gcc/arm-none-eabi/10.3.1/../../../arm-none-eabi/lib/thumb/v6-m/nofp/libc.a(lib_a-fwalk.o)
                0x000000001000905c                _fwalk
                0x000000001000909c                _fwalk_reent
 .text          0x00000000100090e4        0xc /usr/lib/gcc/arm-none-eabi/10.3.1/../../../arm-none-eabi/lib/thumb/v6-m/nofp/libc.a(lib_a-iswspace.o)
                0x00000000100090e4                iswspace
 .text          0x00000000100090f0       0x18 /usr/lib/gcc/arm-none-eabi/10.3.1/../../../arm-none-eabi/lib/thumb/v6-m/nofp/libc.a(lib_a-iswspace_l.o)
                0x00000000100090f0                iswspace_l
 .text          0x0000000010009108       0x98 /usr/lib/gcc/arm-none-eabi/10.3.1/../../../arm-none-eabi/lib/thumb/v6-m/nofp/libc.a(lib_a-locale.o)
                0x0000000010009108                _setlocale_r
                0x000000001000914c                __locale_mb_cur_max
                0x000000001000915c                setlocale
 .text          0x00000000100091a0       0x14 /usr/lib/gcc/arm-none-eabi/10.3.1/../../../arm-none-eabi/lib/thumb/v6-m/nofp/libc.a(lib_a-localeconv.o)
                0x00000000100091a0                __localeconv_l
                0x00000000100091a4                _localeconv_r
                0x00000000100091ac                localeconv
 .text          0x00000000100091b4       0x9c /usr/lib/gcc/arm-none-eabi/10.3.1/../../../arm-none-eabi/lib/thumb/v6-m/nofp/libc.a(lib_a-mbrtowc.o)
                0x00000000100091b4                _mbrtowc_r
                0x0000000010009200                mbrtowc
 .text          0x0000000010009250       0x44 /usr/lib/gcc/arm-none-eabi/10.3.1/../../../arm-none-eabi/lib/thumb/v6-m/nofp/libc.a(lib_a-mbtowc_r.o)
                0x0000000010009250                _mbtowc_r
                0x0000000010009268                __ascii_mbtowc
 .text          0x0000000010009294      0x140 /usr/lib/gcc/arm-none-eabi/10.3.1/../../../arm-none-eabi/lib/thumb/v6-m/nofp/libc.a(lib_a-refill.o)
                0x00000000100092b0                __srefill_r
 .text          0x00000000100093d4       0x80 /usr/lib/gcc/arm-none-eabi/10.3.1/../../../arm-none-eabi/lib/thumb/v6-m/nofp/libc.a(lib_a-sccl.o)
                0x00000000100093d4                __sccl
 .text          0x0000000010009454        0x8 /usr/lib/gcc/arm-none-eabi/10.3.1/../../../arm-none-eabi/lib/thumb/v6-m/nofp/libc.a(lib_a-sf_nan.o)
                0x0000000010009454                nanf
 .text          0x000000001000945c       0xa4 /usr/lib/gcc/arm-none-eabi/10.3.1/../../../arm-none-eabi/lib/thumb/v6-m/nofp/libc.a(lib_a-stdio.o)
                0x000000001000945c                __sread
                0x0000000010009484                __seofread
                0x0000000010009488                __swrite
                0x00000000100094c8                __sseek
                0x00000000100094f4                __sclose
 .text          0x0000000010009500       0x88 /usr/lib/gcc/arm-none-eabi/10.3.1/../../../arm-none-eabi/lib/thumb/v6-m/nofp/libc.a(lib_a-strcmp.o)
                0x0000000010009500                strcmp
 .text          0x0000000010009588     0x1128 /usr/lib/gcc/arm-none-eabi/10.3.1/../../../arm-none-eabi/lib/thumb/v6-m/nofp/libc.a(lib_a-strtod.o)
                0x0000000010009588                _strtod_l
                0x000000001000a508                _strtod_r
                0x000000001000a518                strtod_l
                0x000000001000a530                strtod
                0x000000001000a54c                strtof_l
                0x000000001000a5fc                strtof
 .text          0x000000001000a6b0      0x1b8 /usr/lib/gcc/arm-none-eabi/10.3.1/../../../arm-none-eabi/lib/thumb/v6-m/nofp/libc.a(lib_a-strtol.o)
                0x000000001000a7f4                _strtol_r
                0x000000001000a810                strtol_l
                0x000000001000a83c                strtol
 .text          0x000000001000a868      0x1d0 /usr/lib/gcc/arm-none-eabi/10.3.1/../../../arm-none-eabi/lib/thumb/v6-m/nofp/libc.a(lib_a-strtoll.o)
                0x000000001000aa00                _strtoll_r
                0x000000001000aa08                strtoll_l
                0x000000001000aa20                strtoll
 .text          0x000000001000aa38      0x180 /usr/lib/gcc/arm-none-eabi/10.3.1/../../../arm-none-eabi/lib/thumb/v6-m/nofp/libc.a(lib_a-strtoul.o)
                0x000000001000ab80                _strtoul_r
                0x000000001000ab88                strtoul_l
                0x000000001000aba0                strtoul
 .text          0x000000001000abb8      0x1f4 /usr/lib/gcc/arm-none-eabi/10.3.1/../../../arm-none-eabi/lib/thumb/v6-m/nofp/libc.a(lib_a-strtoull.o)
                0x000000001000ad74                _strtoull_r
                0x000000001000ad7c                strtoull_l
                0x000000001000ad94                strtoull
 .text          0x000000001000adac      0x188 /usr/lib/gcc/arm-none-eabi/10.3.1/../../../arm-none-eabi/lib/thumb/v6-m/nofp/libc.a(lib_a-ungetc.o)
                0x000000001000adac                __submore
                0x000000001000ae30                _ungetc_r
                0x000000001000af1c                ungetc
 .text          0x000000001000af34       0x2c /usr/lib/gcc/arm-none-eabi/10.3.1/../../../arm-none-eabi/lib/thumb/v6-m/nofp/libc.a(lib_a-wctomb_r.o)
                0x000000001000af34                _wctomb_r
                0x000000001000af44                __ascii_wctomb
 .text          0x000000001000af60       0x28 /usr/lib/gcc/arm-none-eabi/10.3.1/../../../arm-none-eabi/lib/thumb/v6-m/nofp/libc.a(lib_a-writer.o)
                0x000000001000af60                _write_r
 .text          0x000000001000af88       0x24 /usr/lib/gcc/arm-none-eabi/10.3.1/../../../arm-none-eabi/lib/thumb/v6-m/nofp/libc.a(lib_a-closer.o)
                0x000000001000af88                _close_r
 .text          0x000000001000afac        0xc /usr/lib/gcc/arm-none-eabi/10.3.1/../../../arm-none-eabi/lib/thumb/v6-m/nofp/libc.a(lib_a-errno.o)
                0x000000001000afac                __errno
 .text          0x000000001000afb8       0xe8 /usr/lib/gcc/arm-none-eabi/10.3.1/../../../arm-none-eabi/lib/thumb/v6-m/nofp/libc.a(lib_a-fclose.o)
                0x000000001000b028                _fclose_r
                0x000000001000b060                fclose
 .text          0x000000001000b0a0      0x1c0 /usr/lib/gcc/arm-none-eabi/10.3.1/../../../arm-none-eabi/lib/thumb/v6-m/nofp/libc.a(lib_a-fflush.o)
                0x000000001000b0a0                __sflush_r
                0x000000001000b1e0                _fflush_r
                0x000000001000b20c                fflush
 .text          0x000000001000b260      0x670 /usr/lib/gcc/arm-none-eabi/10.3.1/../../../arm-none-eabi/lib/thumb/v6-m/nofp/libc.a(lib_a-gdtoa-gethex.o)
                0x000000001000b304                __gethex
 .text          0x000000001000b8d0      0x1fc /usr/lib/gcc/arm-none-eabi/10.3.1/../../../arm-none-eabi/lib/thumb/v6-m/nofp/libc.a(lib_a-gdtoa-hexnan.o)
                0x000000001000b8d0                __match
                0x000000001000b8fc                __hexnan
 .text          0x000000001000bacc       0x28 /usr/lib/gcc/arm-none-eabi/10.3.1/../../../arm-none-eabi/lib/thumb/v6-m/nofp/libc.a(lib_a-lseekr.o)
                0x000000001000bacc                _lseek_r
 .text          0x000000001000baf4      0x144 /usr/lib/gcc/arm-none-eabi/10.3.1/../../../arm-none-eabi/lib/thumb/v6-m/nofp/libc.a(lib_a-makebuf.o)
                0x000000001000baf4                __smakebuf_r
                0x000000001000bbd8                __swhatbuf_r
 .text          0x000000001000bc38      0xafc /usr/lib/gcc/arm-none-eabi/10.3.1/../../../arm-none-eabi/lib/thumb/v6-m/nofp/libc.a(lib_a-mprec.o)
                0x000000001000bc38                _Balloc
                0x000000001000bc88                _Bfree
                0x000000001000bc9c                __multadd
                0x000000001000bd44                __s2b
                0x000000001000bdf4                __hi0bits
                0x000000001000be2c                __lo0bits
                0x000000001000be88                __i2b
                0x000000001000bee8                __multiply
                0x000000001000c08c                __pow5mult
                0x000000001000c164                __lshift
                0x000000001000c260                __mcmp
                0x000000001000c294                __mdiff
                0x000000001000c420                __ulp
                0x000000001000c468                __b2d
                0x000000001000c530                __d2b
                0x000000001000c608                __ratio
                0x000000001000c670                _mprec_log10
                0x000000001000c6a4                __copybits
                0x000000001000c6e4                __any_on
 .text          0x000000001000c734       0x28 /usr/lib/gcc/arm-none-eabi/10.3.1/../../../arm-none-eabi/lib/thumb/v6-m/nofp/libc.a(lib_a-readr.o)
                0x000000001000c734                _read_r
 .text          0x000000001000c75c        0xc /usr/lib/gcc/arm-none-eabi/10.3.1/../../../arm-none-eabi/lib/thumb/v6-m/nofp/libc.a(lib_a-s_nan.o)
                0x000000001000c75c                nan
 .text          0x000000001000c768       0x74 /usr/lib/gcc/arm-none-eabi/10.3.1/../../../arm-none-eabi/lib/thumb/v6-m/nofp/libc.a(lib_a-strncmp.o)
                0x000000001000c768                strncmp
 .text          0x000000001000c7dc       0x28 /usr/lib/gcc/arm-none-eabi/10.3.1/../../../arm-none-eabi/lib/thumb/v6-m/nofp/libc.a(lib_a-fstatr.o)
                0x000000001000c7dc                _fstat_r
 .text          0x000000001000c804       0x24 /usr/lib/gcc/arm-none-eabi/10.3.1/../../../arm-none-eabi/lib/thumb/v6-m/nofp/libc.a(lib_a-isattyr.o)
                0x000000001000c804                _isatty_r
 *(.fini)
 .fini          0x000000001000c828        0x4 /usr/lib/gcc/arm-none-eabi/10.3.1/thumb/v6-m/nofp/crti.o
                0x000000001000c828                _fini
 *fill*         0x000000001000c82c        0x4 
 .fini.__stub   0x000000001000c830       0xe0 linker stubs
 *crtbegin.o(.ctors)
 *crtbegin?.o(.ctors)
 *(EXCLUDE_FILE(*crtend.o *crtend?.o) .ctors)
 *(SORT_BY_NAME(.ctors.*))
 *(.ctors)
 *crtbegin.o(.dtors)
 *crtbegin?.o(.dtors)
 *(EXCLUDE_FILE(*crtend.o *crtend?.o) .dtors)
 *(SORT_BY_NAME(.dtors.*))
 *(.dtors)
 *(.eh_frame*)
 .eh_frame      0x000000001000c910        0x0 /usr/lib/gcc/arm-none-eabi/10.3.1/thumb/v6-m/nofp/crtbegin.o
                0x000000001000c910                . = ALIGN (0x4)

.glue_7         0x000000001000c910        0x0
 .glue_7        0x000000001000c910        0x0 linker stubs

.glue_7t        0x000000001000c910        0x0
 .glue_7t       0x000000001000c910        0x0 linker stubs

.vfp11_veneer   0x000000001000c910        0x0
 .vfp11_veneer  0x000000001000c910        0x0 linker stubs

.v4_bx          0x000000001000c910        0x0
 .v4_bx         0x000000001000c910        0x0 linker stubs

.iplt           0x000000001000c910        0x0
 .iplt          0x000000001000c910        0x0 /usr/lib/gcc/arm-none-eabi/10.3.1/thumb/v6-m/nofp/crtbegin.o

.rodata         0x000000001000c910      0xf00
 *(EXCLUDE_FILE(*libm.a: *libc.a:*lib_a-mem*.o *libgcc.a:) .rodata*)
 .rodata.main.str1.4
                0x000000001000c910        0xb CMakeFiles/InvertedPendulum.dir/InvertedPendulum.cpp.obj
 *fill*         0x000000001000c91b        0x1 
 .rodata.spin_lock_claim_unused.str1.4
                0x000000001000c91c       0x1b CMakeFiles/InvertedPendulum.dir/home/grigoreg/pico/pico-sdk/src/rp2_common/hardware_sync/sync.c.obj
 *fill*         0x000000001000c937        0x1 
 .rodata.user_irq_claim_unused.str1.4
                0x000000001000c938       0x1b CMakeFiles/InvertedPendulum.dir/home/grigoreg/pico/pico-sdk/src/rp2_common/hardware_irq/irq.c.obj
 *fill*         0x000000001000c953        0x5 
 .rodata.at_the_end_of_time
                0x000000001000c958        0x8 CMakeFiles/InvertedPendulum.dir/home/grigoreg/pico/pico-sdk/src/common/pico_time/time.c.obj
                0x000000001000c958                at_the_end_of_time
 .rodata.hardware_alarm_claim.str1.4
                0x000000001000c960       0x22 CMakeFiles/InvertedPendulum.dir/home/grigoreg/pico/pico-sdk/src/rp2_common/hardware_timer/timer.c.obj
 *fill*         0x000000001000c982        0x2 
 .rodata.__assert_func.str1.4
                0x000000001000c984       0x3f CMakeFiles/InvertedPendulum.dir/home/grigoreg/pico/pico-sdk/src/rp2_common/pico_runtime/runtime.c.obj
                                         0x43 (size before relaxing)
 *fill*         0x000000001000c9c3        0x1 
 .rodata.panic.str1.4
                0x000000001000c9c4       0x12 CMakeFiles/InvertedPendulum.dir/home/grigoreg/pico/pico-sdk/src/rp2_common/pico_runtime/runtime.c.obj
 *fill*         0x000000001000c9d6        0x2 
 .rodata.hard_assertion_failure.str1.4
                0x000000001000c9d8        0xc CMakeFiles/InvertedPendulum.dir/home/grigoreg/pico/pico-sdk/src/rp2_common/pico_runtime/runtime.c.obj
 .rodata._ftoa.str1.4
                0x000000001000c9e4       0x15 CMakeFiles/InvertedPendulum.dir/home/grigoreg/pico/pico-sdk/src/rp2_common/pico_printf/printf.c.obj
 *fill*         0x000000001000c9f9        0x3 
 .rodata._vsnprintf
                0x000000001000c9fc      0x1e0 CMakeFiles/InvertedPendulum.dir/home/grigoreg/pico/pico-sdk/src/rp2_common/pico_printf/printf.c.obj
 *fill*         0x000000001000cbdc        0x4 
 .rodata.pow10.0
                0x000000001000cbe0       0x50 CMakeFiles/InvertedPendulum.dir/home/grigoreg/pico/pico-sdk/src/rp2_common/pico_printf/printf.c.obj
 .rodata.str1.4
                0x000000001000cc30       0x48 CMakeFiles/InvertedPendulum.dir/home/grigoreg/pico/pico-sdk/src/rp2_common/pico_standard_link/binary_info.c.obj
 .rodata.__bi_44
                0x000000001000cc78        0xc CMakeFiles/InvertedPendulum.dir/home/grigoreg/pico/pico-sdk/src/rp2_common/pico_standard_link/binary_info.c.obj
 .rodata.__bi_75
                0x000000001000cc84        0xc CMakeFiles/InvertedPendulum.dir/home/grigoreg/pico/pico-sdk/src/rp2_common/pico_standard_link/binary_info.c.obj
 .rodata.__bi_81
                0x000000001000cc90        0xc CMakeFiles/InvertedPendulum.dir/home/grigoreg/pico/pico-sdk/src/rp2_common/pico_standard_link/binary_info.c.obj
 .rodata.crlf_str.0
                0x000000001000cc9c        0x2 CMakeFiles/InvertedPendulum.dir/home/grigoreg/pico/pico-sdk/src/rp2_common/pico_stdio/stdio.c.obj
 *fill*         0x000000001000cc9e        0x2 
 .rodata._resetd_driver
                0x000000001000cca0       0x18 CMakeFiles/InvertedPendulum.dir/home/grigoreg/pico/pico-sdk/src/rp2_common/pico_stdio_usb/reset_interface.c.obj
 .rodata.str1.4
                0x000000001000ccb8       0x13 CMakeFiles/InvertedPendulum.dir/home/grigoreg/pico/pico-sdk/src/rp2_common/pico_stdio_usb/stdio_usb.c.obj
 *fill*         0x000000001000cccb        0x1 
 .rodata.__bi_182.0
                0x000000001000cccc        0xc CMakeFiles/InvertedPendulum.dir/home/grigoreg/pico/pico-sdk/src/rp2_common/pico_stdio_usb/stdio_usb.c.obj
 .rodata.str1.4
                0x000000001000ccd8       0x2a CMakeFiles/InvertedPendulum.dir/home/grigoreg/pico/pico-sdk/src/rp2_common/pico_stdio_usb/stdio_usb_descriptors.c.obj
 *fill*         0x000000001000cd02        0x2 
 .rodata.usbd_desc_cfg
                0x000000001000cd04       0x54 CMakeFiles/InvertedPendulum.dir/home/grigoreg/pico/pico-sdk/src/rp2_common/pico_stdio_usb/stdio_usb_descriptors.c.obj
 .rodata.usbd_desc_device
                0x000000001000cd58       0x12 CMakeFiles/InvertedPendulum.dir/home/grigoreg/pico/pico-sdk/src/rp2_common/pico_stdio_usb/stdio_usb_descriptors.c.obj
 *fill*         0x000000001000cd6a        0x2 
 .rodata.usbd_desc_str
                0x000000001000cd6c       0x18 CMakeFiles/InvertedPendulum.dir/home/grigoreg/pico/pico-sdk/src/rp2_common/pico_stdio_usb/stdio_usb_descriptors.c.obj
 .rodata.str1.4
                0x000000001000cd84       0x14 CMakeFiles/InvertedPendulum.dir/home/grigoreg/pico/pico-sdk/lib/tinyusb/src/portable/raspberrypi/rp2040/dcd_rp2040.c.obj
 .rodata.str1.4
                0x000000001000cd98       0x53 CMakeFiles/InvertedPendulum.dir/home/grigoreg/pico/pico-sdk/lib/tinyusb/src/portable/raspberrypi/rp2040/rp2040_usb.c.obj
 *fill*         0x000000001000cdeb        0x1 
 .rodata.tud_task_ext
                0x000000001000cdec       0x8c CMakeFiles/InvertedPendulum.dir/home/grigoreg/pico/pico-sdk/lib/tinyusb/src/device/usbd.c.obj
 .rodata._usbd_driver
                0x000000001000ce78       0x18 CMakeFiles/InvertedPendulum.dir/home/grigoreg/pico/pico-sdk/lib/tinyusb/src/device/usbd.c.obj
 .rodata.pio_add_program.str1.4
                0x000000001000ce90       0x11 CMakeFiles/InvertedPendulum.dir/home/grigoreg/pico/pico-sdk/src/rp2_common/hardware_pio/pio.c.obj
 *fill*         0x000000001000cea1        0x3 
 .rodata._ZL26pio_rotary_encoder_program
                0x000000001000cea4        0x6 ../lib/Rotary_encoder/librotary_encoder.a(pio_rotary_encoder.cpp.obj)
 *fill*         0x000000001000ceaa        0x2 
 .rodata._ZL39pio_rotary_encoder_program_instructions
                0x000000001000ceac       0x30 ../lib/Rotary_encoder/librotary_encoder.a(pio_rotary_encoder.cpp.obj)
 .rodata.setStepMode
                0x000000001000cedc       0x44 ../lib/Stepper/libstepperDriver.a(stepper.c.obj)
 .rodata        0x000000001000cf20        0x4 /usr/lib/gcc/arm-none-eabi/10.3.1/../../../arm-none-eabi/lib/thumb/v6-m/nofp/libc.a(lib_a-impure.o)
                0x000000001000cf20                _global_impure_ptr
 .rodata.str1.4
                0x000000001000cf24        0x5 /usr/lib/gcc/arm-none-eabi/10.3.1/../../../arm-none-eabi/lib/thumb/v6-m/nofp/libc.a(lib_a-vfscanf.o)
                                          0x9 (size before relaxing)
 *fill*         0x000000001000cf29        0x3 
 .rodata        0x000000001000cf2c      0x3e6 /usr/lib/gcc/arm-none-eabi/10.3.1/../../../arm-none-eabi/lib/thumb/v6-m/nofp/libc.a(lib_a-vfscanf.o)
 *fill*         0x000000001000d312        0x2 
 .rodata        0x000000001000d314      0x101 /usr/lib/gcc/arm-none-eabi/10.3.1/../../../arm-none-eabi/lib/thumb/v6-m/nofp/libc.a(lib_a-ctype_.o)
                0x000000001000d314                _ctype_
 *fill*         0x000000001000d415        0x3 
 .rodata.str1.4
                0x000000001000d418        0xa /usr/lib/gcc/arm-none-eabi/10.3.1/../../../arm-none-eabi/lib/thumb/v6-m/nofp/libc.a(lib_a-locale.o)
                                         0x12 (size before relaxing)
 .rodata.str1.4
                0x000000001000d422        0x1 /usr/lib/gcc/arm-none-eabi/10.3.1/../../../arm-none-eabi/lib/thumb/v6-m/nofp/libc.a(lib_a-mbrtowc.o)
 *fill*         0x000000001000d422        0x2 
 .rodata.str1.4
                0x000000001000d424        0xf /usr/lib/gcc/arm-none-eabi/10.3.1/../../../arm-none-eabi/lib/thumb/v6-m/nofp/libc.a(lib_a-strtod.o)
                                         0x11 (size before relaxing)
 *fill*         0x000000001000d433        0x5 
 .rodata        0x000000001000d438      0x120 /usr/lib/gcc/arm-none-eabi/10.3.1/../../../arm-none-eabi/lib/thumb/v6-m/nofp/libc.a(lib_a-strtod.o)
 .rodata.str1.4
                0x000000001000d558       0x4e /usr/lib/gcc/arm-none-eabi/10.3.1/../../../arm-none-eabi/lib/thumb/v6-m/nofp/libc.a(lib_a-gdtoa-gethex.o)
 *fill*         0x000000001000d5a6        0x2 
 .rodata        0x000000001000d5a8      0x100 /usr/lib/gcc/arm-none-eabi/10.3.1/../../../arm-none-eabi/lib/thumb/v6-m/nofp/libc.a(lib_a-gdtoa-gethex.o)
                0x000000001000d5a8                __hexdig
 .rodata.str1.4
                0x000000001000d6a8        0x5 /usr/lib/gcc/arm-none-eabi/10.3.1/../../../arm-none-eabi/lib/thumb/v6-m/nofp/libc.a(lib_a-lnumeric.o)
 .rodata        0x000000001000d6a8        0xc /usr/lib/gcc/arm-none-eabi/10.3.1/../../../arm-none-eabi/lib/thumb/v6-m/nofp/libc.a(lib_a-lnumeric.o)
                0x000000001000d6a8                _C_numeric_locale
 .rodata.str1.4
                0x000000001000d6b4       0x33 /usr/lib/gcc/arm-none-eabi/10.3.1/../../../arm-none-eabi/lib/thumb/v6-m/nofp/libc.a(lib_a-mprec.o)
                                         0x47 (size before relaxing)
 *fill*         0x000000001000d6e7        0x1 
 .rodata        0x000000001000d6e8      0x128 /usr/lib/gcc/arm-none-eabi/10.3.1/../../../arm-none-eabi/lib/thumb/v6-m/nofp/libc.a(lib_a-mprec.o)
                0x000000001000d6f8                __mprec_tinytens
                0x000000001000d720                __mprec_bigtens
                0x000000001000d748                __mprec_tens
                0x000000001000d810                . = ALIGN (0x4)
 *(SORT_BY_ALIGNMENT(SORT_BY_NAME(.flashdata*)))
                0x000000001000d810                . = ALIGN (0x4)

.ARM.extab
 *(.ARM.extab* .gnu.linkonce.armextab.*)
                0x000000001000d810                __exidx_start = .

.ARM.exidx
 *(.ARM.exidx* .gnu.linkonce.armexidx.*)
                0x000000001000d810                __exidx_end = .
                0x000000001000d810                . = ALIGN (0x4)
                0x000000001000d810                __binary_info_start = .

.binary_info    0x000000001000d810       0x20
 *(.binary_info.keep.*)
 .binary_info.keep.__bi_ptr22
                0x000000001000d810        0x4 CMakeFiles/InvertedPendulum.dir/home/grigoreg/pico/pico-sdk/src/rp2_common/pico_standard_link/binary_info.c.obj
 .binary_info.keep.__bi_ptr30
                0x000000001000d814        0x4 CMakeFiles/InvertedPendulum.dir/home/grigoreg/pico/pico-sdk/src/rp2_common/pico_standard_link/binary_info.c.obj
 .binary_info.keep.__bi_ptr38
                0x000000001000d818        0x4 CMakeFiles/InvertedPendulum.dir/home/grigoreg/pico/pico-sdk/src/rp2_common/pico_standard_link/binary_info.c.obj
 .binary_info.keep.__bi_ptr44
                0x000000001000d81c        0x4 CMakeFiles/InvertedPendulum.dir/home/grigoreg/pico/pico-sdk/src/rp2_common/pico_standard_link/binary_info.c.obj
 .binary_info.keep.__bi_ptr50
                0x000000001000d820        0x4 CMakeFiles/InvertedPendulum.dir/home/grigoreg/pico/pico-sdk/src/rp2_common/pico_standard_link/binary_info.c.obj
 .binary_info.keep.__bi_ptr75
                0x000000001000d824        0x4 CMakeFiles/InvertedPendulum.dir/home/grigoreg/pico/pico-sdk/src/rp2_common/pico_standard_link/binary_info.c.obj
 .binary_info.keep.__bi_ptr81
                0x000000001000d828        0x4 CMakeFiles/InvertedPendulum.dir/home/grigoreg/pico/pico-sdk/src/rp2_common/pico_standard_link/binary_info.c.obj
 *(.binary_info.*)
 .binary_info.__bi_ptr182
                0x000000001000d82c        0x4 CMakeFiles/InvertedPendulum.dir/home/grigoreg/pico/pico-sdk/src/rp2_common/pico_stdio_usb/stdio_usb.c.obj
                0x000000001000d830                __binary_info_end = .

.rel.dyn        0x000000001000d830        0x0
 .rel.iplt      0x000000001000d830        0x0 /usr/lib/gcc/arm-none-eabi/10.3.1/thumb/v6-m/nofp/crtbegin.o
                0x000000001000d830                . = ALIGN (0x4)

.ram_vector_table
                0x0000000020000000       0xc0
 *(.ram_vector_table)
 .ram_vector_table
                0x0000000020000000       0xc0 CMakeFiles/InvertedPendulum.dir/home/grigoreg/pico/pico-sdk/src/rp2_common/pico_runtime/runtime.c.obj
                0x0000000020000000                ram_vector_table

.data           0x00000000200000c0     0x18bc load address 0x000000001000d830
                0x00000000200000c0                __data_start__ = .
 *(vtable)
 *(.time_critical*)
 .time_critical.mutex_try_enter
                0x00000000200000c0       0x44 CMakeFiles/InvertedPendulum.dir/home/grigoreg/pico/pico-sdk/src/common/pico_sync/mutex.c.obj
                0x00000000200000c0                mutex_try_enter
 .time_critical.mutex_try_enter_block_until
                0x0000000020000104       0x9c CMakeFiles/InvertedPendulum.dir/home/grigoreg/pico/pico-sdk/src/common/pico_sync/mutex.c.obj
                0x0000000020000104                mutex_try_enter_block_until
 .time_critical.mutex_enter_timeout_ms
                0x00000000200001a0       0x90 CMakeFiles/InvertedPendulum.dir/home/grigoreg/pico/pico-sdk/src/common/pico_sync/mutex.c.obj
                0x00000000200001a0                mutex_enter_timeout_ms
 .time_critical.mutex_exit
                0x0000000020000230       0x28 CMakeFiles/InvertedPendulum.dir/home/grigoreg/pico/pico-sdk/src/common/pico_sync/mutex.c.obj
                0x0000000020000230                mutex_exit
 .time_critical.flash_init_boot2_copyout
                0x0000000020000258       0x30 CMakeFiles/InvertedPendulum.dir/home/grigoreg/pico/pico-sdk/src/rp2_common/hardware_flash/flash.c.obj
 .time_critical.flash_enable_xip_via_boot2
                0x0000000020000288       0x10 CMakeFiles/InvertedPendulum.dir/home/grigoreg/pico/pico-sdk/src/rp2_common/hardware_flash/flash.c.obj
 .time_critical.flash_cs_force
                0x0000000020000298       0x38 CMakeFiles/InvertedPendulum.dir/home/grigoreg/pico/pico-sdk/src/rp2_common/hardware_flash/flash.c.obj
 .time_critical.flash_do_cmd
                0x00000000200002d0       0xc4 CMakeFiles/InvertedPendulum.dir/home/grigoreg/pico/pico-sdk/src/rp2_common/hardware_flash/flash.c.obj
                0x00000000200002d0                flash_do_cmd
 .time_critical.reset_non_control_endpoints
                0x0000000020000394       0xbc CMakeFiles/InvertedPendulum.dir/home/grigoreg/pico/pico-sdk/lib/tinyusb/src/portable/raspberrypi/rp2040/dcd_rp2040.c.obj
 .time_critical.hw_handle_buff_status
                0x0000000020000450       0xa8 CMakeFiles/InvertedPendulum.dir/home/grigoreg/pico/pico-sdk/lib/tinyusb/src/portable/raspberrypi/rp2040/dcd_rp2040.c.obj
 .time_critical.dcd_rp2040_irq
                0x00000000200004f8      0x4d8 CMakeFiles/InvertedPendulum.dir/home/grigoreg/pico/pico-sdk/lib/tinyusb/src/portable/raspberrypi/rp2040/dcd_rp2040.c.obj
 .time_critical.e15_is_bulkin_ep
                0x00000000200009d0       0x28 CMakeFiles/InvertedPendulum.dir/home/grigoreg/pico/pico-sdk/lib/tinyusb/src/portable/raspberrypi/rp2040/rp2040_usb.c.obj
 .time_critical.e15_is_critical_frame_period
                0x00000000200009f8       0x34 CMakeFiles/InvertedPendulum.dir/home/grigoreg/pico/pico-sdk/lib/tinyusb/src/portable/raspberrypi/rp2040/rp2040_usb.c.obj
 .time_critical.prepare_ep_buffer
                0x0000000020000a2c       0x70 CMakeFiles/InvertedPendulum.dir/home/grigoreg/pico/pico-sdk/lib/tinyusb/src/portable/raspberrypi/rp2040/rp2040_usb.c.obj
 .time_critical.sync_ep_buffer
                0x0000000020000a9c       0x4c CMakeFiles/InvertedPendulum.dir/home/grigoreg/pico/pico-sdk/lib/tinyusb/src/portable/raspberrypi/rp2040/rp2040_usb.c.obj
 .time_critical._hw_endpoint_xfer_sync
                0x0000000020000ae8       0x28 CMakeFiles/InvertedPendulum.dir/home/grigoreg/pico/pico-sdk/lib/tinyusb/src/portable/raspberrypi/rp2040/rp2040_usb.c.obj
 .time_critical.hw_endpoint_reset_transfer
                0x0000000020000b10        0xc CMakeFiles/InvertedPendulum.dir/home/grigoreg/pico/pico-sdk/lib/tinyusb/src/portable/raspberrypi/rp2040/rp2040_usb.c.obj
                0x0000000020000b10                hw_endpoint_reset_transfer
 .time_critical._hw_endpoint_buffer_control_update32
                0x0000000020000b1c       0x58 CMakeFiles/InvertedPendulum.dir/home/grigoreg/pico/pico-sdk/lib/tinyusb/src/portable/raspberrypi/rp2040/rp2040_usb.c.obj
                0x0000000020000b1c                _hw_endpoint_buffer_control_update32
 .time_critical.hw_endpoint_start_next_buffer
                0x0000000020000b74       0x6c CMakeFiles/InvertedPendulum.dir/home/grigoreg/pico/pico-sdk/lib/tinyusb/src/portable/raspberrypi/rp2040/rp2040_usb.c.obj
                0x0000000020000b74                hw_endpoint_start_next_buffer
 .time_critical.hw_endpoint_xfer_continue
                0x0000000020000be0       0x50 CMakeFiles/InvertedPendulum.dir/home/grigoreg/pico/pico-sdk/lib/tinyusb/src/portable/raspberrypi/rp2040/rp2040_usb.c.obj
                0x0000000020000be0                hw_endpoint_xfer_continue
 .time_critical.tinyusb
                0x0000000020000c30      0x170 CMakeFiles/InvertedPendulum.dir/home/grigoreg/pico/pico-sdk/lib/tinyusb/src/device/usbd.c.obj
                0x0000000020000c30                dcd_event_handler
 *(.text*)
 .text          0x0000000020000da0        0x4 /usr/lib/gcc/arm-none-eabi/10.3.1/thumb/v6-m/nofp/libgcc.a(_dvmd_tls.o)
                0x0000000020000da0                __aeabi_ldiv0
                0x0000000020000da0                __aeabi_idiv0
 .text          0x0000000020000da4       0xac /usr/lib/gcc/arm-none-eabi/10.3.1/../../../arm-none-eabi/lib/thumb/v6-m/nofp/libc.a(lib_a-memmove.o)
                0x0000000020000da4                memmove
 .text.__stub   0x0000000020000e50       0x70 linker stubs
                0x0000000020000ec0                . = ALIGN (0x4)
 *(.rodata*)
                0x0000000020000ec0                . = ALIGN (0x4)
 *(.data*)
 .data.striped_spin_lock_num
                0x0000000020000ec0        0x1 CMakeFiles/InvertedPendulum.dir/home/grigoreg/pico/pico-sdk/src/rp2_common/hardware_sync/sync.c.obj
 *fill*         0x0000000020000ec1        0x3 
 .data          0x0000000020000ec4       0x48 CMakeFiles/InvertedPendulum.dir/home/grigoreg/pico/pico-sdk/src/rp2_common/hardware_irq/irq_handler_chain.S.obj
                0x0000000020000ec4                irq_handler_chain_slots
                0x0000000020000ef4                irq_handler_chain_first_slot
                0x0000000020000efe                irq_handler_chain_remove_tail
 .data.default_alarm_pool
                0x0000000020000f0c       0x18 CMakeFiles/InvertedPendulum.dir/home/grigoreg/pico/pico-sdk/src/common/pico_time/time.c.obj
 .data.default_alarm_pool_heap
                0x0000000020000f24       0x10 CMakeFiles/InvertedPendulum.dir/home/grigoreg/pico/pico-sdk/src/common/pico_time/time.c.obj
 *fill*         0x0000000020000f34        0xc 
 .data.aeabi_bits_funcs
                0x0000000020000f40       0x10 CMakeFiles/InvertedPendulum.dir/home/grigoreg/pico/pico-sdk/src/rp2_common/pico_bit_ops/bit_ops_aeabi.S.obj
                0x0000000020000f40                aeabi_bits_funcs
                0x0000000020000f50                aeabi_bits_funcs_end
 .data.aeabi_mem_funcs
                0x0000000020000f50       0x10 CMakeFiles/InvertedPendulum.dir/home/grigoreg/pico/pico-sdk/src/rp2_common/pico_mem_ops/mem_ops_aeabi.S.obj
                0x0000000020000f50                aeabi_mem_funcs
                0x0000000020000f60                aeabi_mem_funcs_end
 .data.stdio_usb
                0x0000000020000f60       0x18 CMakeFiles/InvertedPendulum.dir/home/grigoreg/pico/pico-sdk/src/rp2_common/pico_stdio_usb/stdio_usb.c.obj
                0x0000000020000f60                stdio_usb
 .data.ep_dir_string
                0x0000000020000f78        0x8 CMakeFiles/InvertedPendulum.dir/home/grigoreg/pico/pico-sdk/lib/tinyusb/src/portable/raspberrypi/rp2040/rp2040_usb.c.obj
                0x0000000020000f78                ep_dir_string
 .data._usbd_qdef
                0x0000000020000f80       0x1c CMakeFiles/InvertedPendulum.dir/home/grigoreg/pico/pico-sdk/lib/tinyusb/src/device/usbd.c.obj
                0x0000000020000f80                _usbd_qdef
 .data._usbd_rhport
                0x0000000020000f9c        0x1 CMakeFiles/InvertedPendulum.dir/home/grigoreg/pico/pico-sdk/lib/tinyusb/src/device/usbd.c.obj
 *fill*         0x0000000020000f9d        0x3 
 .data.step_delay
                0x0000000020000fa0        0x4 ../lib/Stepper/libstepperDriver.a(stepper.c.obj)
                0x0000000020000fa0                step_delay
 *fill*         0x0000000020000fa4        0x4 
 .data          0x0000000020000fa8      0x430 /usr/lib/gcc/arm-none-eabi/10.3.1/../../../arm-none-eabi/lib/thumb/v6-m/nofp/libc.a(lib_a-impure.o)
                0x0000000020000fa8                _impure_ptr
 .data          0x00000000200013d8      0x410 /usr/lib/gcc/arm-none-eabi/10.3.1/../../../arm-none-eabi/lib/thumb/v6-m/nofp/libc.a(lib_a-mallocr.o)
                0x00000000200013d8                __malloc_sbrk_base
                0x00000000200013dc                __malloc_trim_threshold
                0x00000000200013e0                __malloc_av_
 .data          0x00000000200017e8      0x16c /usr/lib/gcc/arm-none-eabi/10.3.1/../../../arm-none-eabi/lib/thumb/v6-m/nofp/libc.a(lib_a-locale.o)
                0x00000000200017e8                __global_locale